Copyright 1986-2022 Xilinx, Inc. All Rights Reserved. Copyright 2022-2025 Advanced Micro Devices, Inc. All Rights Reserved.
---------------------------------------------------------------------------------------------------------------------------------------------
| Tool Version : Vivado v.2025.1 (win64) Build 6140274 Thu May 22 00:12:29 MDT 2025
| Date         : Mon May 25 11:01:46 2026
| Host         : LAPTOP-E258V4EU running 64-bit major release  (build 9200)
| Command      : report_timing_summary -file D:/Skripsi/build-non-project-mode/report/timing_syn.rpt
| Design       : filter_top
| Device       : 7a35t-cpg236
| Speed File   : -1  PRODUCTION 1.23 2018-06-13
| Design State : Synthesized
---------------------------------------------------------------------------------------------------------------------------------------------

Timing Summary Report

------------------------------------------------------------------------------------------------
| Timer Settings
| --------------
------------------------------------------------------------------------------------------------

  Enable Multi Corner Analysis               :  Yes
  Enable Pessimism Removal                   :  Yes
  Pessimism Removal Resolution               :  Nearest Common Node
  Enable Input Delay Default Clock           :  No
  Enable Preset / Clear Arcs                 :  No
  Disable Flight Delays                      :  No
  Ignore I/O Paths                           :  No
  Timing Early Launch at Borrowing Latches   :  No
  Borrow Time for Max Delay Exceptions       :  Yes
  Merge Timing Exceptions                    :  Yes
  Inter-SLR Compensation                     :  Conservative

  Corner  Analyze    Analyze    
  Name    Max Paths  Min Paths  
  ------  ---------  ---------  
  Slow    Yes        Yes        
  Fast    Yes        Yes        


------------------------------------------------------------------------------------------------
| Report Methodology
| ------------------
------------------------------------------------------------------------------------------------

No report available as report_methodology has not been run prior. Run report_methodology on the current design for the summary of methodology violations.



check_timing report

Table of Contents
-----------------
1. checking no_clock (0)
2. checking constant_clock (0)
3. checking pulse_width_clock (0)
4. checking unconstrained_internal_endpoints (0)
5. checking no_input_delay (5)
6. checking no_output_delay (12)
7. checking multiple_clock (0)
8. checking generated_clocks (0)
9. checking loops (0)
10. checking partial_input_delay (0)
11. checking partial_output_delay (0)
12. checking latch_loops (0)

1. checking no_clock (0)
------------------------
 There are 0 register/latch pins with no clock.


2. checking constant_clock (0)
------------------------------
 There are 0 register/latch pins with constant_clock.


3. checking pulse_width_clock (0)
---------------------------------
 There are 0 register/latch pins which need pulse_width check


4. checking unconstrained_internal_endpoints (0)
------------------------------------------------
 There are 0 pins that are not constrained for maximum delay.

 There are 0 pins that are not constrained for maximum delay due to constant clock.


5. checking no_input_delay (5)
------------------------------
 There are 5 input ports with no input delay specified. (HIGH)

 There are 0 input ports with no input delay but user has a false path constraint.


6. checking no_output_delay (12)
--------------------------------
 There are 12 ports with no output delay specified. (HIGH)

 There are 0 ports with no output delay but user has a false path constraint

 There are 0 ports with no output delay but with a timing clock defined on it or propagating through it


7. checking multiple_clock (0)
------------------------------
 There are 0 register/latch pins with multiple clocks.


8. checking generated_clocks (0)
--------------------------------
 There are 0 generated clocks that are not connected to a clock source.


9. checking loops (0)
---------------------
 There are 0 combinational loops in the design.


10. checking partial_input_delay (0)
------------------------------------
 There are 0 input ports with partial input delay specified.


11. checking partial_output_delay (0)
-------------------------------------
 There are 0 ports with partial output delay specified.


12. checking latch_loops (0)
----------------------------
 There are 0 combinational latch loops in the design through latch input



------------------------------------------------------------------------------------------------
| Design Timing Summary
| ---------------------
------------------------------------------------------------------------------------------------

    WNS(ns)      TNS(ns)  TNS Failing Endpoints  TNS Total Endpoints      WHS(ns)      THS(ns)  THS Failing Endpoints  THS Total Endpoints     WPWS(ns)     TPWS(ns)  TPWS Failing Endpoints  TPWS Total Endpoints  
    -------      -------  ---------------------  -------------------      -------      -------  ---------------------  -------------------     --------     --------  ----------------------  --------------------  
      0.117        0.000                      0                  822        0.134        0.000                      0                  822        3.000        0.000                       0                   243  


All user specified timing constraints are met.


------------------------------------------------------------------------------------------------
| Clock Summary
| -------------
------------------------------------------------------------------------------------------------

Clock                 Waveform(ns)       Period(ns)      Frequency(MHz)
-----                 ------------       ----------      --------------
sys_clk               {0.000 5.000}      10.000          100.000         
  clk_out1_clk_wiz_0  {0.000 6.536}      13.072          76.500          
  clkfbout_clk_wiz_0  {0.000 10.000}     20.000          50.000          


------------------------------------------------------------------------------------------------
| Intra Clock Table
| -----------------
------------------------------------------------------------------------------------------------

Clock                     WNS(ns)      TNS(ns)  TNS Failing Endpoints  TNS Total Endpoints      WHS(ns)      THS(ns)  THS Failing Endpoints  THS Total Endpoints     WPWS(ns)     TPWS(ns)  TPWS Failing Endpoints  TPWS Total Endpoints  
-----                     -------      -------  ---------------------  -------------------      -------      -------  ---------------------  -------------------     --------     --------  ----------------------  --------------------  
sys_clk                                                                                                                                                                 3.000        0.000                       0                     1  
  clk_out1_clk_wiz_0        0.117        0.000                      0                  822        0.134        0.000                      0                  822        6.036        0.000                       0                   239  
  clkfbout_clk_wiz_0                                                                                                                                                   17.845        0.000                       0                     3  


------------------------------------------------------------------------------------------------
| Inter Clock Table
| -----------------
------------------------------------------------------------------------------------------------

From Clock    To Clock          WNS(ns)      TNS(ns)  TNS Failing Endpoints  TNS Total Endpoints      WHS(ns)      THS(ns)  THS Failing Endpoints  THS Total Endpoints  
----------    --------          -------      -------  ---------------------  -------------------      -------      -------  ---------------------  -------------------  


------------------------------------------------------------------------------------------------
| Other Path Groups Table
| -----------------------
------------------------------------------------------------------------------------------------

Path Group    From Clock    To Clock          WNS(ns)      TNS(ns)  TNS Failing Endpoints  TNS Total Endpoints      WHS(ns)      THS(ns)  THS Failing Endpoints  THS Total Endpoints  
----------    ----------    --------          -------      -------  ---------------------  -------------------      -------      -------  ---------------------  -------------------  


------------------------------------------------------------------------------------------------
| Timing Details
| --------------
------------------------------------------------------------------------------------------------


---------------------------------------------------------------------------------------------------
From Clock:  sys_clk
  To Clock:  sys_clk

Setup :           NA  Failing Endpoints,  Worst Slack           NA  ,  Total Violation           NA
Hold  :           NA  Failing Endpoints,  Worst Slack           NA  ,  Total Violation           NA
PW    :            0  Failing Endpoints,  Worst Slack        3.000ns,  Total Violation        0.000ns
---------------------------------------------------------------------------------------------------


Pulse Width Checks
--------------------------------------------------------------------------------------
Clock Name:         sys_clk
Waveform(ns):       { 0.000 5.000 }
Period(ns):         10.000
Sources:            { sys_clk }

Check Type        Corner  Lib Pin            Reference Pin  Required(ns)  Actual(ns)  Slack(ns)  Location  Pin
Min Period        n/a     MMCME2_ADV/CLKIN1  n/a            1.249         10.000      8.751                clkdiv/inst/mmcm_adv_inst/CLKIN1
Max Period        n/a     MMCME2_ADV/CLKIN1  n/a            100.000       10.000      90.000               clkdiv/inst/mmcm_adv_inst/CLKIN1
Low Pulse Width   Slow    MMCME2_ADV/CLKIN1  n/a            2.000         5.000       3.000                clkdiv/inst/mmcm_adv_inst/CLKIN1
High Pulse Width  Slow    MMCME2_ADV/CLKIN1  n/a            2.000         5.000       3.000                clkdiv/inst/mmcm_adv_inst/CLKIN1



---------------------------------------------------------------------------------------------------
From Clock:  clk_out1_clk_wiz_0
  To Clock:  clk_out1_clk_wiz_0

Setup :            0  Failing Endpoints,  Worst Slack        0.117ns,  Total Violation        0.000ns
Hold  :            0  Failing Endpoints,  Worst Slack        0.134ns,  Total Violation        0.000ns
PW    :            0  Failing Endpoints,  Worst Slack        6.036ns,  Total Violation        0.000ns
---------------------------------------------------------------------------------------------------


Max Delay Paths
--------------------------------------------------------------------------------------
Slack (MET) :             0.117ns  (required time - arrival time)
  Source:                 filter/a1_1_reg[0]/C
                            (rising edge-triggered cell FDRE clocked by clk_out1_clk_wiz_0  {rise@0.000ns fall@6.536ns period=13.072ns})
  Destination:            filter/stage1/mul_a1/A[0]
                            (rising edge-triggered cell DSP48E1 clocked by clk_out1_clk_wiz_0  {rise@0.000ns fall@6.536ns period=13.072ns})
  Path Group:             clk_out1_clk_wiz_0
  Path Type:              Setup (Max at Slow Process Corner)
  Requirement:            13.072ns  (clk_out1_clk_wiz_0 rise@13.072ns - clk_out1_clk_wiz_0 rise@0.000ns)
  Data Path Delay:        12.355ns  (logic 9.226ns (74.673%)  route 3.129ns (25.327%))
  Logic Levels:           5  (CARRY4=2 DSP48E1=3)
  Clock Path Skew:        -0.145ns (DCD - SCD + CPR)
    Destination Clock Delay (DCD):    -2.261ns = ( 10.811 - 13.072 ) 
    Source Clock Delay      (SCD):    -1.586ns
    Clock Pessimism Removal (CPR):    0.530ns
  Clock Uncertainty:      0.093ns  ((TSJ^2 + DJ^2)^1/2) / 2 + PE
    Total System Jitter     (TSJ):    0.071ns
    Discrete Jitter          (DJ):    0.172ns
    Phase Error              (PE):    0.000ns

    Location             Delay type                Incr(ns)  Path(ns)    Netlist Resource(s)
  -------------------------------------------------------------------    -------------------
                         (clock clk_out1_clk_wiz_0 rise edge)
                                                      0.000     0.000 r  
    W5                                                0.000     0.000 r  sys_clk (IN)
                         net (fo=0)                   0.000     0.000    clkdiv/inst/clk_in1
    W5                   IBUF (Prop_ibuf_I_O)         1.458     1.458 r  clkdiv/inst/clkin1_ibufg/O
                         net (fo=1, unplaced)         0.584     2.042    clkdiv/inst/clk_in1_clk_wiz_0
                         MMCME2_ADV (Prop_mmcme2_adv_CLKIN1_CLKOUT0)
                                                     -5.108    -3.065 r  clkdiv/inst/mmcm_adv_inst/CLKOUT0
                         net (fo=1, unplaced)         0.800    -2.266    clkdiv/inst/clk_out1_clk_wiz_0
                         BUFG (Prop_bufg_I_O)         0.096    -2.170 r  clkdiv/inst/clkout1_buf/O
                         net (fo=242, unplaced)       0.584    -1.586    filter/clk_out1
                         FDRE                                         r  filter/a1_1_reg[0]/C
  -------------------------------------------------------------------    -------------------
                         FDRE (Prop_fdre_C_Q)         0.456    -1.130 r  filter/a1_1_reg[0]/Q
                         net (fo=1, unplaced)         0.666    -0.464    filter/stage1/mul_a1_1[0]
                         CARRY4 (Prop_carry4_S[0]_CO[3])
                                                      0.808     0.344 r  filter/stage1/mul_a10/CO[3]
                         net (fo=1, unplaced)         0.009     0.353    filter/stage1/mul_a10_n_0
                         CARRY4 (Prop_carry4_CI_O[1])
                                                      0.337     0.690 r  filter/stage1/mul_a10__0/O[1]
                         net (fo=1, unplaced)         0.800     1.490    filter/stage1/mul_a10__1[5]
                         DSP48E1 (Prop_dsp48e1_B[5]_PCOUT[47])
                                                      4.030     5.520 r  filter/stage1/mul_a1/PCOUT[47]
                         net (fo=1, unplaced)         0.055     5.575    filter/stage1/mul_a1_n_106
                         DSP48E1 (Prop_dsp48e1_PCIN[47]_P[15])
                                                      1.518     7.093 r  filter/stage1/mul_a1__0/P[15]
                         net (fo=16, unplaced)        0.800     7.893    filter/stage1/mul_a1__1[32]
                         DSP48E1 (Prop_dsp48e1_A[29]_P[14])
                                                      2.077     9.970 r  filter/stage1/acc_sum__1/P[14]
                         net (fo=5, unplaced)         0.800    10.770    filter/stage1/p_0_in[0]
                         DSP48E1                                      r  filter/stage1/mul_a1/A[0]
  -------------------------------------------------------------------    -------------------

                         (clock clk_out1_clk_wiz_0 rise edge)
                                                     13.072    13.072 r  
    W5                                                0.000    13.072 r  sys_clk (IN)
                         net (fo=0)                   0.000    13.072    clkdiv/inst/clk_in1
    W5                   IBUF (Prop_ibuf_I_O)         1.388    14.460 r  clkdiv/inst/clkin1_ibufg/O
                         net (fo=1, unplaced)         0.439    14.899    clkdiv/inst/clk_in1_clk_wiz_0
                         MMCME2_ADV (Prop_mmcme2_adv_CLKIN1_CLKOUT0)
                                                     -5.378     9.521 r  clkdiv/inst/mmcm_adv_inst/CLKOUT0
                         net (fo=1, unplaced)         0.760    10.281    clkdiv/inst/clk_out1_clk_wiz_0
                         BUFG (Prop_bufg_I_O)         0.091    10.372 r  clkdiv/inst/clkout1_buf/O
                         net (fo=242, unplaced)       0.439    10.811    filter/stage1/clk_out1
                         DSP48E1                                      r  filter/stage1/mul_a1/CLK
                         clock pessimism              0.530    11.341    
                         clock uncertainty           -0.093    11.248    
                         DSP48E1 (Setup_dsp48e1_CLK_A[0])
                                                     -0.362    10.886    filter/stage1/mul_a1
  -------------------------------------------------------------------
                         required time                         10.886    
                         arrival time                         -10.770    
  -------------------------------------------------------------------
                         slack                                  0.117    





Min Delay Paths
--------------------------------------------------------------------------------------
Slack (MET) :             0.134ns  (arrival time - required time)
  Source:                 tx_data_reg_reg[0]/C
                            (rising edge-triggered cell FDCE clocked by clk_out1_clk_wiz_0  {rise@0.000ns fall@6.536ns period=13.072ns})
  Destination:            uart_tx/data_reg_reg[0]/D
                            (rising edge-triggered cell FDCE clocked by clk_out1_clk_wiz_0  {rise@0.000ns fall@6.536ns period=13.072ns})
  Path Group:             clk_out1_clk_wiz_0
  Path Type:              Hold (Min at Fast Process Corner)
  Requirement:            0.000ns  (clk_out1_clk_wiz_0 rise@0.000ns - clk_out1_clk_wiz_0 rise@0.000ns)
  Data Path Delay:        0.370ns  (logic 0.239ns (64.578%)  route 0.131ns (35.422%))
  Logic Levels:           1  (LUT3=1)
  Clock Path Skew:        0.145ns (DCD - SCD - CPR)
    Destination Clock Delay (DCD):    -1.094ns
    Source Clock Delay      (SCD):    -0.959ns
    Clock Pessimism Removal (CPR):    -0.280ns

    Location             Delay type                Incr(ns)  Path(ns)    Netlist Resource(s)
  -------------------------------------------------------------------    -------------------
                         (clock clk_out1_clk_wiz_0 rise edge)
                                                      0.000     0.000 r  
    W5                                                0.000     0.000 r  sys_clk (IN)
                         net (fo=0)                   0.000     0.000    clkdiv/inst/clk_in1
    W5                   IBUF (Prop_ibuf_I_O)         0.226     0.226 r  clkdiv/inst/clkin1_ibufg/O
                         net (fo=1, unplaced)         0.114     0.340    clkdiv/inst/clk_in1_clk_wiz_0
                         MMCME2_ADV (Prop_mmcme2_adv_CLKIN1_CLKOUT0)
                                                     -1.776    -1.436 r  clkdiv/inst/mmcm_adv_inst/CLKOUT0
                         net (fo=1, unplaced)         0.337    -1.099    clkdiv/inst/clk_out1_clk_wiz_0
                         BUFG (Prop_bufg_I_O)         0.026    -1.073 r  clkdiv/inst/clkout1_buf/O
                         net (fo=242, unplaced)       0.114    -0.959    clk
                         FDCE                                         r  tx_data_reg_reg[0]/C
  -------------------------------------------------------------------    -------------------
                         FDCE (Prop_fdce_C_Q)         0.141    -0.818 r  tx_data_reg_reg[0]/Q
                         net (fo=1, unplaced)         0.131    -0.686    uart_tx/Q[0]
                         LUT3 (Prop_lut3_I2_O)        0.098    -0.588 r  uart_tx/data_reg[0]_i_1/O
                         net (fo=1, unplaced)         0.000    -0.588    uart_tx/data_reg[0]_i_1_n_0
                         FDCE                                         r  uart_tx/data_reg_reg[0]/D
  -------------------------------------------------------------------    -------------------

                         (clock clk_out1_clk_wiz_0 rise edge)
                                                      0.000     0.000 r  
    W5                                                0.000     0.000 r  sys_clk (IN)
                         net (fo=0)                   0.000     0.000    clkdiv/inst/clk_in1
    W5                   IBUF (Prop_ibuf_I_O)         0.414     0.414 r  clkdiv/inst/clkin1_ibufg/O
                         net (fo=1, unplaced)         0.259     0.673    clkdiv/inst/clk_in1_clk_wiz_0
                         MMCME2_ADV (Prop_mmcme2_adv_CLKIN1_CLKOUT0)
                                                     -2.410    -1.737 r  clkdiv/inst/mmcm_adv_inst/CLKOUT0
                         net (fo=1, unplaced)         0.355    -1.382    clkdiv/inst/clk_out1_clk_wiz_0
                         BUFG (Prop_bufg_I_O)         0.029    -1.353 r  clkdiv/inst/clkout1_buf/O
                         net (fo=242, unplaced)       0.259    -1.094    uart_tx/clk_out1
                         FDCE                                         r  uart_tx/data_reg_reg[0]/C
                         clock pessimism              0.280    -0.814    
                         FDCE (Hold_fdce_C_D)         0.091    -0.723    uart_tx/data_reg_reg[0]
  -------------------------------------------------------------------
                         required time                          0.723    
                         arrival time                          -0.588    
  -------------------------------------------------------------------
                         slack                                  0.134    





Pulse Width Checks
--------------------------------------------------------------------------------------
Clock Name:         clk_out1_clk_wiz_0
Waveform(ns):       { 0.000 6.536 }
Period(ns):         13.072
Sources:            { clkdiv/inst/mmcm_adv_inst/CLKOUT0 }

Check Type        Corner  Lib Pin             Reference Pin  Required(ns)  Actual(ns)  Slack(ns)  Location  Pin
Min Period        n/a     BUFG/I              n/a            2.155         13.072      10.917               clkdiv/inst/clkout1_buf/I
Max Period        n/a     MMCME2_ADV/CLKOUT0  n/a            213.360       13.072      200.288              clkdiv/inst/mmcm_adv_inst/CLKOUT0
Low Pulse Width   Slow    FDPE/C              n/a            0.500         6.536       6.036                FSM_onehot_tx_state_reg[0]/C
High Pulse Width  Slow    FDPE/C              n/a            0.500         6.536       6.036                FSM_onehot_tx_state_reg[0]/C



---------------------------------------------------------------------------------------------------
From Clock:  clkfbout_clk_wiz_0
  To Clock:  clkfbout_clk_wiz_0

Setup :           NA  Failing Endpoints,  Worst Slack           NA  ,  Total Violation           NA
Hold  :           NA  Failing Endpoints,  Worst Slack           NA  ,  Total Violation           NA
PW    :            0  Failing Endpoints,  Worst Slack       17.845ns,  Total Violation        0.000ns
---------------------------------------------------------------------------------------------------


Pulse Width Checks
--------------------------------------------------------------------------------------
Clock Name:         clkfbout_clk_wiz_0
Waveform(ns):       { 0.000 10.000 }
Period(ns):         20.000
Sources:            { clkdiv/inst/mmcm_adv_inst/CLKFBOUT }

Check Type  Corner  Lib Pin             Reference Pin  Required(ns)  Actual(ns)  Slack(ns)  Location  Pin
Min Period  n/a     BUFG/I              n/a            2.155         20.000      17.845               clkdiv/inst/clkf_buf/I
Max Period  n/a     MMCME2_ADV/CLKFBIN  n/a            100.000       20.000      80.000               clkdiv/inst/mmcm_adv_inst/CLKFBIN



