#-----------------------------------------------------------
# Vivado v2025.1 (64-bit)
# SW Build 6140274 on Thu May 22 00:12:29 MDT 2025
# IP Build 6138677 on Thu May 22 03:10:11 MDT 2025
# SharedData Build 6139179 on Tue May 20 17:58:58 MDT 2025
# Start of session at: Mon May 25 10:59:24 2026
# Process ID         : 14528
# Current directory  : D:/Skripsi
# Command line       : vivado.exe -mode batch -source tcl/non-project-mode/build.tcl -log log/vivado.log -journal log/vivado.jou
# Log file           : D:/Skripsi/log/vivado.log
# Journal file       : D:/Skripsi\log/vivado.jou
# Running On         : LAPTOP-E258V4EU
# Platform           : Windows Server 2016 or Windows 10
# Operating System   : 26200
# Processor Detail   : 11th Gen Intel(R) Core(TM) i7-11800H @ 2.30GHz
# CPU Frequency      : 2304 MHz
# CPU Physical cores : 8
# CPU Logical cores  : 16
# Host memory        : 34128 MB
# Swap memory        : 2147 MB
# Total Virtual      : 36275 MB
# Available Virtual  : 4646 MB
#-----------------------------------------------------------
source tcl/non-project-mode/build.tcl
# source tcl/set_variables.tcl
## set board_name "basys3"
## set fpga_part "xc7a35tcpg236-1"
## set clk_module_name "clk_wiz_0"
## set clk_in_freq 100.000
## set clk_out1_freq 76.500
## set project_name "skripsi_final"
## set top_level "filter_top"
## set top_level_tb "${top_level}_tb.v"
## set dir_ip "ip"
## set dir_rtl "rtl"
## set dir_tb "tb"
## set dir_xdc "xdc"
## set dir_project "project"
## set dir_build_project_mode "build-project-mode"
## set dir_build_non_project_mode "build-non-project-mode"
## set dir_log "log"
## set dir_report "report"
## set dir_bitstream "bitstream"
## set dir_origin [file normalize "."]
## puts "INFO: dir_origin is  $dir_origin"
INFO: dir_origin is  D:/Skripsi
## set filename_xdc "filter_constraints.xdc"
## set filename_bitstream "${board_name}_${project_name}.bit"
# set_part $fpga_part
INFO: [Coretcl 2-1500] The part has been set to 'xc7a35tcpg236-1' for the current project only. Run set_part -help for more details. To evaluate different speed grades in the current design, use the set_speed_grade command, or use the open_checkpoint -part command to change the part used by an existing checkpoint design.
set_part: Time (s): cpu = 00:00:14 ; elapsed = 00:00:10 . Memory (MB): peak = 608.008 ; gain = 214.434
# read_verilog [glob "$dir_origin/$dir_rtl/*.v"]
# read_ip [glob "$dir_origin/ip/*/*.xci"]
INFO: [IP_Flow 19-234] Refreshing IP repositories
INFO: [IP_Flow 19-1704] No user IP repositories specified
INFO: [IP_Flow 19-2313] Loaded Vivado IP repository 'D:/Xilinx/2025.1/Vivado/data/ip'.
WARNING: [Vivado 12-13650] The IP file 'D:/Skripsi/ip/clk_wiz_0/clk_wiz_0.xci' has been moved from its original location, as a result the outputs for this IP will now be generated in 'd:/Skripsi/ip/clk_wiz_0'. Alternatively a copy of the IP can be imported into the project using one of the 'import_ip' or 'import_files' commands.
# upgrade_ip [get_ips]
WARNING: [Coretcl 2-1042] No IP was identified for upgrade.
# generate_target all [get_ips]
# synth_ip [get_ips]
INFO: [Vivado 12-3435] The given sub-design is up-to-date, no action was taken.  If a regeneration is desired, use the '-force' option: D:/Skripsi/ip/clk_wiz_0/clk_wiz_0.xci
INFO: [Vivado 12-3441] generate_netlist_ip - operation complete
# if {![file isdirectory $dir_build_non_project_mode]} {
#     file mkdir $dir_build_non_project_mode
# }
# set path_report $dir_origin/$dir_build_non_project_mode/$dir_report
# if {![file isdirectory $path_report]} {
#     file mkdir $path_report
# }
# set path_bitstream $dir_origin/$dir_build_non_project_mode/$dir_bitstream
# if {![file isdirectory $path_bitstream]} {
#     file mkdir $path_bitstream
# }
# read_xdc "$dir_origin/$dir_xdc/$filename_xdc"
# synth_design -top $top_level
Command: synth_design -top filter_top
Starting synth_design
Using part: xc7a35tcpg236-1
Attempting to get a license for feature 'Synthesis' and/or device 'xc7a35t'
INFO: [Common 17-349] Got license for feature 'Synthesis' and/or device 'xc7a35t'
INFO: [Device 21-403] Loading part xc7a35tcpg236-1
INFO: [Synth 8-7079] Multithreading enabled for synth_design using a maximum of 2 processes.
INFO: [Synth 8-7078] Launching helper process for spawning children vivado processes
INFO: [Synth 8-7075] Helper process launched with PID 46416
---------------------------------------------------------------------------------
Starting RTL Elaboration : Time (s): cpu = 00:00:14 ; elapsed = 00:00:14 . Memory (MB): peak = 1297.348 ; gain = 492.398
---------------------------------------------------------------------------------
INFO: [Synth 8-11241] undeclared symbol 'sample_valid', assumed default net type 'wire' [D:/Skripsi/rtl/filter_top.v:37]
INFO: [Synth 8-11241] undeclared symbol 'rx_done', assumed default net type 'wire' [D:/Skripsi/rtl/filter_top.v:59]
INFO: [Synth 8-11241] undeclared symbol 'read_uart', assumed default net type 'wire' [D:/Skripsi/rtl/filter_top.v:60]
INFO: [Synth 8-11241] undeclared symbol 'rx_data', assumed default net type 'wire' [D:/Skripsi/rtl/filter_top.v:61]
INFO: [Synth 8-11241] undeclared symbol 'read_data', assumed default net type 'wire' [D:/Skripsi/rtl/filter_top.v:62]
INFO: [Synth 8-11241] undeclared symbol 'rx_empty', assumed default net type 'wire' [D:/Skripsi/rtl/filter_top.v:63]
INFO: [Synth 8-11241] undeclared symbol 'rx_full', assumed default net type 'wire' [D:/Skripsi/rtl/filter_top.v:64]
WARNING: [Synth 8-8895] 'read_data' is already implicitly declared on line 62 [D:/Skripsi/rtl/filter_top.v:67]
WARNING: [Synth 8-8895] 'rx_empty' is already implicitly declared on line 63 [D:/Skripsi/rtl/filter_top.v:68]
WARNING: [Synth 8-8895] 'rx_full' is already implicitly declared on line 64 [D:/Skripsi/rtl/filter_top.v:69]
WARNING: [Synth 8-8895] 'read_uart' is already implicitly declared on line 60 [D:/Skripsi/rtl/filter_top.v:70]
WARNING: [Synth 8-8895] 'rx_data' is already implicitly declared on line 61 [D:/Skripsi/rtl/filter_top.v:97]
WARNING: [Synth 8-8895] 'rx_done' is already implicitly declared on line 59 [D:/Skripsi/rtl/filter_top.v:98]
WARNING: [Synth 8-8895] 'sample_valid' is already implicitly declared on line 37 [D:/Skripsi/rtl/filter_top.v:101]
INFO: [Synth 8-11241] undeclared symbol 'tx_start_reg', assumed default net type 'wire' [D:/Skripsi/rtl/filter_top.v:130]
INFO: [Synth 8-11241] undeclared symbol 'tx_data_reg', assumed default net type 'wire' [D:/Skripsi/rtl/filter_top.v:132]
INFO: [Synth 8-11241] undeclared symbol 'tx_done_tick', assumed default net type 'wire' [D:/Skripsi/rtl/filter_top.v:133]
WARNING: [Synth 8-8895] 'tx_data_reg' is already implicitly declared on line 132 [D:/Skripsi/rtl/filter_top.v:138]
WARNING: [Synth 8-8895] 'tx_start_reg' is already implicitly declared on line 130 [D:/Skripsi/rtl/filter_top.v:139]
WARNING: [Synth 8-8895] 'tx_done_tick' is already implicitly declared on line 133 [D:/Skripsi/rtl/filter_top.v:140]
WARNING: [Synth 8-6901] identifier 'sample_valid' is used before its declaration [D:/Skripsi/rtl/filter_top.v:27]
WARNING: [Synth 8-6901] identifier 'sample' is used before its declaration [D:/Skripsi/rtl/filter_top.v:28]
INFO: [Synth 8-6157] synthesizing module 'filter_top' [D:/Skripsi/rtl/filter_top.v:2]
INFO: [Synth 8-6157] synthesizing module 'clk_wiz_0' [D:/Skripsi/.Xil/Vivado-14528-LAPTOP-E258V4EU/realtime/clk_wiz_0_stub.v:6]
INFO: [Synth 8-6155] done synthesizing module 'clk_wiz_0' (0#1) [D:/Skripsi/.Xil/Vivado-14528-LAPTOP-E258V4EU/realtime/clk_wiz_0_stub.v:6]
INFO: [Synth 8-6157] synthesizing module 'filter_coeff' [D:/Skripsi/rtl/filter_coeff.v:3]
INFO: [Synth 8-226] default block is never used [D:/Skripsi/rtl/filter_coeff.v:21]
INFO: [Synth 8-6157] synthesizing module 'filter_biquad' [D:/Skripsi/rtl/filter_biquad.v:2]
INFO: [Synth 8-6155] done synthesizing module 'filter_biquad' (0#1) [D:/Skripsi/rtl/filter_biquad.v:2]
INFO: [Synth 8-6155] done synthesizing module 'filter_coeff' (0#1) [D:/Skripsi/rtl/filter_coeff.v:3]
INFO: [Synth 8-6157] synthesizing module 'baud_rate_generator' [D:/Skripsi/rtl/baud_rate_gen.v:15]
	Parameter N bound to: 4 - type: integer 
	Parameter M bound to: 10 - type: integer 
INFO: [Synth 8-6155] done synthesizing module 'baud_rate_generator' (0#1) [D:/Skripsi/rtl/baud_rate_gen.v:15]
INFO: [Synth 8-6157] synthesizing module 'fifo' [D:/Skripsi/rtl/fifo_rx.v:18]
INFO: [Synth 8-155] case statement is not full and has no default [D:/Skripsi/rtl/fifo_rx.v:81]
INFO: [Synth 8-6155] done synthesizing module 'fifo' (0#1) [D:/Skripsi/rtl/fifo_rx.v:18]
INFO: [Synth 8-6157] synthesizing module 'uart_receiver' [D:/Skripsi/rtl/rx.v:16]
INFO: [Synth 8-6155] done synthesizing module 'uart_receiver' (0#1) [D:/Skripsi/rtl/rx.v:16]
INFO: [Synth 8-6157] synthesizing module 'uart_transmitter' [D:/Skripsi/rtl/tx.v:15]
INFO: [Synth 8-6155] done synthesizing module 'uart_transmitter' (0#1) [D:/Skripsi/rtl/tx.v:15]
INFO: [Synth 8-155] case statement is not full and has no default [D:/Skripsi/rtl/filter_top.v:152]
INFO: [Synth 8-155] case statement is not full and has no default [D:/Skripsi/rtl/filter_top.v:229]
INFO: [Synth 8-155] case statement is not full and has no default [D:/Skripsi/rtl/filter_top.v:243]
INFO: [Synth 8-155] case statement is not full and has no default [D:/Skripsi/rtl/filter_top.v:253]
INFO: [Synth 8-155] case statement is not full and has no default [D:/Skripsi/rtl/filter_top.v:268]
INFO: [Synth 8-6157] synthesizing module 'sevseg' [D:/Skripsi/rtl/sevseg.v:23]
INFO: [Synth 8-6155] done synthesizing module 'sevseg' (0#1) [D:/Skripsi/rtl/sevseg.v:23]
INFO: [Synth 8-6155] done synthesizing module 'filter_top' (0#1) [D:/Skripsi/rtl/filter_top.v:2]
WARNING: [Synth 8-7137] Register sample_reg in module filter_top has both Set and reset with same priority. This may cause simulation mismatches. Consider rewriting code  [D:/Skripsi/rtl/filter_top.v:115]
WARNING: [Synth 8-7137] Register y_buf_reg in module filter_top has both Set and reset with same priority. This may cause simulation mismatches. Consider rewriting code  [D:/Skripsi/rtl/filter_top.v:155]
WARNING: [Synth 8-7137] Register tx_busy_reg in module filter_top has both Set and reset with same priority. This may cause simulation mismatches. Consider rewriting code  [D:/Skripsi/rtl/filter_top.v:154]
---------------------------------------------------------------------------------
Finished RTL Elaboration : Time (s): cpu = 00:00:17 ; elapsed = 00:00:18 . Memory (MB): peak = 1409.977 ; gain = 605.027
---------------------------------------------------------------------------------
---------------------------------------------------------------------------------
Start Handling Custom Attributes
---------------------------------------------------------------------------------
---------------------------------------------------------------------------------
Finished Handling Custom Attributes : Time (s): cpu = 00:00:17 ; elapsed = 00:00:18 . Memory (MB): peak = 1409.977 ; gain = 605.027
---------------------------------------------------------------------------------
---------------------------------------------------------------------------------
Finished RTL Optimization Phase 1 : Time (s): cpu = 00:00:17 ; elapsed = 00:00:18 . Memory (MB): peak = 1409.977 ; gain = 605.027
---------------------------------------------------------------------------------
Netlist sorting complete. Time (s): cpu = 00:00:00 ; elapsed = 00:00:00.013 . Memory (MB): peak = 1409.977 ; gain = 0.000
INFO: [Project 1-570] Preparing netlist for logic optimization

Processing XDC Constraints
Initializing timing engine
Parsing XDC File [d:/Skripsi/ip/clk_wiz_0/clk_wiz_0/clk_wiz_0_in_context.xdc] for cell 'clkdiv'
Finished Parsing XDC File [d:/Skripsi/ip/clk_wiz_0/clk_wiz_0/clk_wiz_0_in_context.xdc] for cell 'clkdiv'
Parsing XDC File [D:/Skripsi/xdc/filter_constraints.xdc]
Finished Parsing XDC File [D:/Skripsi/xdc/filter_constraints.xdc]
INFO: [Project 1-236] Implementation specific constraints were found while reading constraint file [D:/Skripsi/xdc/filter_constraints.xdc]. These constraints will be ignored for synthesis but will be used in implementation. Impacted constraints are listed in the file [.Xil/filter_top_propImpl.xdc].
Resolution: To avoid this warning, move constraints listed in [.Xil/filter_top_propImpl.xdc] to another XDC file and exclude this new file from synthesis with the used_in_synthesis property (File Properties dialog in GUI) and re-run elaboration/synthesis.
Completed Processing XDC Constraints

Netlist sorting complete. Time (s): cpu = 00:00:00 ; elapsed = 00:00:00 . Memory (MB): peak = 1506.133 ; gain = 0.000
INFO: [Project 1-111] Unisim Transformation Summary:
No Unisim elements were transformed.

Constraint Validation Runtime : Time (s): cpu = 00:00:00 ; elapsed = 00:00:00.012 . Memory (MB): peak = 1506.133 ; gain = 0.000
---------------------------------------------------------------------------------
Finished Constraint Validation : Time (s): cpu = 00:00:39 ; elapsed = 00:00:41 . Memory (MB): peak = 1506.133 ; gain = 701.184
---------------------------------------------------------------------------------
---------------------------------------------------------------------------------
Start Loading Part and Timing Information
---------------------------------------------------------------------------------
Loading part: xc7a35tcpg236-1
---------------------------------------------------------------------------------
Finished Loading Part and Timing Information : Time (s): cpu = 00:00:39 ; elapsed = 00:00:41 . Memory (MB): peak = 1506.133 ; gain = 701.184
---------------------------------------------------------------------------------
---------------------------------------------------------------------------------
Start Applying 'set_property' XDC Constraints
---------------------------------------------------------------------------------
---------------------------------------------------------------------------------
Finished applying 'set_property' XDC Constraints : Time (s): cpu = 00:00:39 ; elapsed = 00:00:41 . Memory (MB): peak = 1506.133 ; gain = 701.184
---------------------------------------------------------------------------------
INFO: [Synth 8-802] inferred FSM for state register 'state_reg' in module 'uart_receiver'
INFO: [Synth 8-802] inferred FSM for state register 'state_reg' in module 'uart_transmitter'
INFO: [Synth 8-802] inferred FSM for state register 'tx_state_reg' in module 'filter_top'
---------------------------------------------------------------------------------------------------
                   State |                     New Encoding |                Previous Encoding 
---------------------------------------------------------------------------------------------------
                    idle |                               00 |                               00
                   start |                               01 |                               01
                    data |                               10 |                               10
                    stop |                               11 |                               11
---------------------------------------------------------------------------------------------------
INFO: [Synth 8-3354] encoded FSM with state register 'state_reg' using encoding 'sequential' in module 'uart_receiver'
---------------------------------------------------------------------------------------------------
                   State |                     New Encoding |                Previous Encoding 
---------------------------------------------------------------------------------------------------
                    idle |                               00 |                               00
                   start |                               01 |                               01
                    data |                               10 |                               10
                    stop |                               11 |                               11
---------------------------------------------------------------------------------------------------
INFO: [Synth 8-3354] encoded FSM with state register 'state_reg' using encoding 'sequential' in module 'uart_transmitter'
---------------------------------------------------------------------------------------------------
                   State |                     New Encoding |                Previous Encoding 
---------------------------------------------------------------------------------------------------
                  iSTATE |                              001 |                               00
                 iSTATE0 |                              010 |                               01
                 iSTATE1 |                              100 |                               10
---------------------------------------------------------------------------------------------------
INFO: [Synth 8-3354] encoded FSM with state register 'tx_state_reg' using encoding 'one-hot' in module 'filter_top'
---------------------------------------------------------------------------------
Finished RTL Optimization Phase 2 : Time (s): cpu = 00:00:40 ; elapsed = 00:00:42 . Memory (MB): peak = 1506.133 ; gain = 701.184
---------------------------------------------------------------------------------
---------------------------------------------------------------------------------
Start RTL Component Statistics 
---------------------------------------------------------------------------------
Detailed RTL Component Info : 
+---Adders : 
	   5 Input   49 Bit       Adders := 2     
	   2 Input   32 Bit       Adders := 1     
	   2 Input    4 Bit       Adders := 7     
	   2 Input    3 Bit       Adders := 2     
	   2 Input    2 Bit       Adders := 1     
+---Registers : 
	               32 Bit    Registers := 1     
	               19 Bit    Registers := 8     
	               16 Bit    Registers := 8     
	               15 Bit    Registers := 3     
	                8 Bit    Registers := 3     
	                4 Bit    Registers := 5     
	                3 Bit    Registers := 2     
	                2 Bit    Registers := 2     
	                1 Bit    Registers := 8     
+---Multipliers : 
	              19x37  Multipliers := 4     
+---RAMs : 
	              128 Bit	(16 X 8 bit)          RAMs := 1     
+---Muxes : 
	   2 Input   16 Bit        Muxes := 4     
	   8 Input   16 Bit        Muxes := 4     
	   4 Input   16 Bit        Muxes := 1     
	   8 Input   15 Bit        Muxes := 3     
	   4 Input    8 Bit        Muxes := 1     
	   3 Input    8 Bit        Muxes := 1     
	   2 Input    4 Bit        Muxes := 10    
	   4 Input    4 Bit        Muxes := 15    
	   5 Input    4 Bit        Muxes := 3     
	   4 Input    3 Bit        Muxes := 2     
	   4 Input    2 Bit        Muxes := 2     
	   2 Input    2 Bit        Muxes := 4     
	   2 Input    1 Bit        Muxes := 15    
	   4 Input    1 Bit        Muxes := 17    
	   3 Input    1 Bit        Muxes := 6     
---------------------------------------------------------------------------------
Finished RTL Component Statistics 
---------------------------------------------------------------------------------
---------------------------------------------------------------------------------
Start Part Resource Summary
---------------------------------------------------------------------------------
Part Resources:
DSPs: 90 (col length:60)
BRAMs: 100 (col length: RAMB18 60 RAMB36 30)
---------------------------------------------------------------------------------
Finished Part Resource Summary
---------------------------------------------------------------------------------
---------------------------------------------------------------------------------
Start Cross Boundary and Area Optimization
---------------------------------------------------------------------------------
WARNING: [Synth 8-7080] Parallel synthesis criteria is not met
DSP Report: Generating DSP stage1/mul_b0, operation Mode is: A2*B2.
DSP Report: register b0_1_reg is absorbed into DSP stage1/mul_b0.
DSP Report: register stage1/x_curr_reg is absorbed into DSP stage1/mul_b0.
DSP Report: operator stage1/mul_b0 is absorbed into DSP stage1/mul_b0.
DSP Report: Generating DSP stage1/acc_sum, operation Mode is: PCIN+A''*B2.
DSP Report: register b0_1_reg is absorbed into DSP stage1/acc_sum.
DSP Report: register stage1/acc_sum is absorbed into DSP stage1/acc_sum.
DSP Report: register stage1/acc_sum is absorbed into DSP stage1/acc_sum.
DSP Report: operator stage1/acc_sum is absorbed into DSP stage1/acc_sum.
DSP Report: operator stage1/mul_b2 is absorbed into DSP stage1/acc_sum.
DSP Report: Generating DSP stage1/acc_sum, operation Mode is: PCIN+A''*B2.
DSP Report: register b1_1_reg is absorbed into DSP stage1/acc_sum.
DSP Report: register stage1/acc_sum is absorbed into DSP stage1/acc_sum.
DSP Report: register stage1/acc_sum is absorbed into DSP stage1/acc_sum.
DSP Report: operator stage1/acc_sum is absorbed into DSP stage1/acc_sum.
DSP Report: operator stage1/mul_b1 is absorbed into DSP stage1/acc_sum.
DSP Report: Generating DSP stage1/mul_a2, operation Mode is: A''*B.
DSP Report: register stage1/y_d1_reg is absorbed into DSP stage1/mul_a2.
DSP Report: register stage1/y_d2_reg is absorbed into DSP stage1/mul_a2.
DSP Report: operator stage1/mul_a2 is absorbed into DSP stage1/mul_a2.
DSP Report: operator stage1/mul_a2 is absorbed into DSP stage1/mul_a2.
DSP Report: Generating DSP stage1/mul_a2, operation Mode is: (PCIN>>17)+A''*B.
DSP Report: register stage1/y_d1_reg is absorbed into DSP stage1/mul_a2.
DSP Report: register stage1/y_d2_reg is absorbed into DSP stage1/mul_a2.
DSP Report: operator stage1/mul_a2 is absorbed into DSP stage1/mul_a2.
DSP Report: operator stage1/mul_a2 is absorbed into DSP stage1/mul_a2.
DSP Report: Generating DSP stage1/mul_a1, operation Mode is: A2*B.
DSP Report: register stage1/y_d1_reg is absorbed into DSP stage1/mul_a1.
DSP Report: operator stage1/mul_a1 is absorbed into DSP stage1/mul_a1.
DSP Report: operator stage1/mul_a1 is absorbed into DSP stage1/mul_a1.
DSP Report: Generating DSP stage1/mul_a1, operation Mode is: (PCIN>>17)+A2*B.
DSP Report: register stage1/y_d1_reg is absorbed into DSP stage1/mul_a1.
DSP Report: operator stage1/mul_a1 is absorbed into DSP stage1/mul_a1.
DSP Report: operator stage1/mul_a1 is absorbed into DSP stage1/mul_a1.
DSP Report: Generating DSP stage1/acc_sum, operation Mode is: PCIN+A:B+C.
DSP Report: operator stage1/acc_sum is absorbed into DSP stage1/acc_sum.
DSP Report: Generating DSP stage2/mul_b0, operation Mode is: A2*B.
DSP Report: register stage2/mul_b0 is absorbed into DSP stage2/mul_b0.
DSP Report: operator stage2/mul_b0 is absorbed into DSP stage2/mul_b0.
DSP Report: Generating DSP stage2/acc_sum, operation Mode is: C+A''*B.
DSP Report: register stage2/acc_sum is absorbed into DSP stage2/acc_sum.
DSP Report: register stage2/acc_sum is absorbed into DSP stage2/acc_sum.
DSP Report: operator stage2/acc_sum is absorbed into DSP stage2/acc_sum.
DSP Report: operator stage2/mul_b2 is absorbed into DSP stage2/acc_sum.
DSP Report: Generating DSP stage2/acc_sum, operation Mode is: PCIN+A''*B2.
DSP Report: register b1_2_reg is absorbed into DSP stage2/acc_sum.
DSP Report: register stage2/acc_sum is absorbed into DSP stage2/acc_sum.
DSP Report: register stage2/acc_sum is absorbed into DSP stage2/acc_sum.
DSP Report: operator stage2/acc_sum is absorbed into DSP stage2/acc_sum.
DSP Report: operator stage2/mul_b1 is absorbed into DSP stage2/acc_sum.
DSP Report: Generating DSP stage2/mul_a2, operation Mode is: A''*B.
DSP Report: register stage2/y_d1_reg is absorbed into DSP stage2/mul_a2.
DSP Report: register stage2/y_d2_reg is absorbed into DSP stage2/mul_a2.
DSP Report: operator stage2/mul_a2 is absorbed into DSP stage2/mul_a2.
DSP Report: operator stage2/mul_a2 is absorbed into DSP stage2/mul_a2.
DSP Report: Generating DSP stage2/mul_a2, operation Mode is: (PCIN>>17)+A''*B.
DSP Report: register stage2/y_d1_reg is absorbed into DSP stage2/mul_a2.
DSP Report: register stage2/y_d2_reg is absorbed into DSP stage2/mul_a2.
DSP Report: operator stage2/mul_a2 is absorbed into DSP stage2/mul_a2.
DSP Report: operator stage2/mul_a2 is absorbed into DSP stage2/mul_a2.
DSP Report: Generating DSP stage2/mul_a1, operation Mode is: A2*B.
DSP Report: register stage2/y_d1_reg is absorbed into DSP stage2/mul_a1.
DSP Report: operator stage2/mul_a1 is absorbed into DSP stage2/mul_a1.
DSP Report: operator stage2/mul_a1 is absorbed into DSP stage2/mul_a1.
DSP Report: Generating DSP stage2/mul_a1, operation Mode is: (PCIN>>17)+A2*B.
DSP Report: register stage2/y_d1_reg is absorbed into DSP stage2/mul_a1.
DSP Report: operator stage2/mul_a1 is absorbed into DSP stage2/mul_a1.
DSP Report: operator stage2/mul_a1 is absorbed into DSP stage2/mul_a1.
DSP Report: Generating DSP stage2/acc_sum, operation Mode is: PCIN+A:B+C.
DSP Report: operator stage2/acc_sum is absorbed into DSP stage2/acc_sum.
WARNING: [Synth 8-6014] Unused sequential element fifo_rx_inst/memory_reg was removed. 
---------------------------------------------------------------------------------
Finished Cross Boundary and Area Optimization : Time (s): cpu = 00:00:50 ; elapsed = 00:00:53 . Memory (MB): peak = 1506.133 ; gain = 701.184
---------------------------------------------------------------------------------
 Sort Area is  stage1/mul_b0_8 : 0 0 : 1924 6683 : Used 1 time 0
 Sort Area is  stage1/mul_b0_8 : 0 1 : 2223 6683 : Used 1 time 0
 Sort Area is  stage1/mul_b0_8 : 0 2 : 2276 6683 : Used 1 time 0
 Sort Area is  stage1/mul_b0_8 : 0 3 : 260 6683 : Used 1 time 0
 Sort Area is  stage1/mul_a2_7 : 0 0 : 3208 6081 : Used 1 time 0
 Sort Area is  stage1/mul_a2_7 : 0 1 : 2873 6081 : Used 1 time 0
 Sort Area is  stage2/mul_a2_3 : 0 0 : 3208 6081 : Used 1 time 0
 Sort Area is  stage2/mul_a2_3 : 0 1 : 2873 6081 : Used 1 time 0
 Sort Area is  stage1/mul_a1_6 : 0 0 : 3189 6043 : Used 1 time 0
 Sort Area is  stage1/mul_a1_6 : 0 1 : 2854 6043 : Used 1 time 0
 Sort Area is  stage2/mul_a1_0 : 0 0 : 3189 6043 : Used 1 time 0
 Sort Area is  stage2/mul_a1_0 : 0 1 : 2854 6043 : Used 1 time 0
 Sort Area is  stage2/acc_sum_f : 0 0 : 2354 4984 : Used 1 time 0
 Sort Area is  stage2/acc_sum_f : 0 1 : 2370 4984 : Used 1 time 0
 Sort Area is  stage2/acc_sum_f : 0 2 : 260 4984 : Used 1 time 0
 Sort Area is  stage2/mul_b0_d : 0 0 : 2237 2237 : Used 1 time 0
---------------------------------------------------------------------------------
Start ROM, RAM, DSP, Shift Register and Retiming Reporting
---------------------------------------------------------------------------------

DSP: Preliminary Mapping Report (see note below. The ' indicates corresponding REG is set)
+-------------+------------------+--------+--------+--------+--------+--------+------+------+------+------+-------+------+------+
|Module Name  | DSP Mapping      | A Size | B Size | C Size | D Size | P Size | AREG | BREG | CREG | DREG | ADREG | MREG | PREG | 
+-------------+------------------+--------+--------+--------+--------+--------+------+------+------+------+-------+------+------+
|filter_coeff | A2*B2            | 17     | 15     | -      | -      | 32     | 1    | 1    | -    | -    | -     | 0    | 0    | 
|filter_coeff | PCIN+A''*B2      | 19     | 15     | -      | -      | 33     | 2    | 1    | -    | -    | -     | 0    | 0    | 
|filter_coeff | PCIN+A''*B2      | 18     | 16     | -      | -      | 33     | 2    | 1    | -    | -    | -     | 0    | 0    | 
|filter_coeff | A''*B            | 19     | 18     | -      | -      | 48     | 2    | 0    | -    | -    | -     | 0    | 0    | 
|filter_coeff | (PCIN>>17)+A''*B | 19     | 16     | -      | -      | 48     | 2    | 0    | -    | -    | -     | 0    | 0    | 
|filter_coeff | A2*B             | 19     | 18     | -      | -      | 48     | 1    | 0    | -    | -    | -     | 0    | 0    | 
|filter_coeff | (PCIN>>17)+A2*B  | 19     | 16     | -      | -      | 48     | 1    | 0    | -    | -    | -     | 0    | 0    | 
|filter_coeff | PCIN+A:B+C       | 15     | 18     | 33     | -      | -1     | 0    | 0    | 0    | -    | -     | 0    | 0    | 
|filter_coeff | A2*B             | 19     | 16     | -      | -      | 35     | 1    | 0    | -    | -    | -     | 0    | 0    | 
|filter_coeff | C+A''*B          | 19     | 16     | 33     | -      | 33     | 2    | 0    | 0    | -    | -     | 0    | 0    | 
|filter_coeff | PCIN+A''*B2      | 19     | 16     | -      | -      | 33     | 2    | 1    | -    | -    | -     | 0    | 0    | 
|filter_coeff | A''*B            | 19     | 18     | -      | -      | 48     | 2    | 0    | -    | -    | -     | 0    | 0    | 
|filter_coeff | (PCIN>>17)+A''*B | 19     | 16     | -      | -      | 48     | 2    | 0    | -    | -    | -     | 0    | 0    | 
|filter_coeff | A2*B             | 19     | 18     | -      | -      | 48     | 1    | 0    | -    | -    | -     | 0    | 0    | 
|filter_coeff | (PCIN>>17)+A2*B  | 19     | 16     | -      | -      | 48     | 1    | 0    | -    | -    | -     | 0    | 0    | 
|filter_coeff | PCIN+A:B+C       | 15     | 18     | 33     | -      | -1     | 0    | 0    | 0    | -    | -     | 0    | 0    | 
+-------------+------------------+--------+--------+--------+--------+--------+------+------+------+------+-------+------+------+

Note: The table above is a preliminary report that shows the DSPs inferred at the current stage of the synthesis flow. Some DSP may be reimplemented as non DSP primitives later in the synthesis flow. Multiple instantiated DSPs are reported only once.
---------------------------------------------------------------------------------
Finished ROM, RAM, DSP, Shift Register and Retiming Reporting
---------------------------------------------------------------------------------
---------------------------------------------------------------------------------
Start Applying XDC Timing Constraints
---------------------------------------------------------------------------------
---------------------------------------------------------------------------------
Finished Applying XDC Timing Constraints : Time (s): cpu = 00:01:12 ; elapsed = 00:01:15 . Memory (MB): peak = 1685.805 ; gain = 880.855
---------------------------------------------------------------------------------
---------------------------------------------------------------------------------
Start Timing Optimization
---------------------------------------------------------------------------------
---------------------------------------------------------------------------------
Finished Timing Optimization : Time (s): cpu = 00:01:14 ; elapsed = 00:01:17 . Memory (MB): peak = 1699.762 ; gain = 894.812
---------------------------------------------------------------------------------
---------------------------------------------------------------------------------
Start Technology Mapping
---------------------------------------------------------------------------------
---------------------------------------------------------------------------------
Finished Technology Mapping : Time (s): cpu = 00:01:15 ; elapsed = 00:01:19 . Memory (MB): peak = 1719.359 ; gain = 914.410
---------------------------------------------------------------------------------
---------------------------------------------------------------------------------
Start IO Insertion
---------------------------------------------------------------------------------
---------------------------------------------------------------------------------
Start Flattening Before IO Insertion
---------------------------------------------------------------------------------
---------------------------------------------------------------------------------
Finished Flattening Before IO Insertion
---------------------------------------------------------------------------------
---------------------------------------------------------------------------------
Start Final Netlist Cleanup
---------------------------------------------------------------------------------
---------------------------------------------------------------------------------
Finished Final Netlist Cleanup
---------------------------------------------------------------------------------
---------------------------------------------------------------------------------
Finished IO Insertion : Time (s): cpu = 00:01:26 ; elapsed = 00:01:30 . Memory (MB): peak = 1933.684 ; gain = 1128.734
---------------------------------------------------------------------------------
---------------------------------------------------------------------------------
Start Renaming Generated Instances
---------------------------------------------------------------------------------
---------------------------------------------------------------------------------
Finished Renaming Generated Instances : Time (s): cpu = 00:01:26 ; elapsed = 00:01:30 . Memory (MB): peak = 1933.684 ; gain = 1128.734
---------------------------------------------------------------------------------
---------------------------------------------------------------------------------
Start Rebuilding User Hierarchy
---------------------------------------------------------------------------------
---------------------------------------------------------------------------------
Finished Rebuilding User Hierarchy : Time (s): cpu = 00:01:27 ; elapsed = 00:01:31 . Memory (MB): peak = 1933.684 ; gain = 1128.734
---------------------------------------------------------------------------------
---------------------------------------------------------------------------------
Start Renaming Generated Ports
---------------------------------------------------------------------------------
---------------------------------------------------------------------------------
Finished Renaming Generated Ports : Time (s): cpu = 00:01:27 ; elapsed = 00:01:31 . Memory (MB): peak = 1933.684 ; gain = 1128.734
---------------------------------------------------------------------------------
---------------------------------------------------------------------------------
Start Handling Custom Attributes
---------------------------------------------------------------------------------
---------------------------------------------------------------------------------
Finished Handling Custom Attributes : Time (s): cpu = 00:01:27 ; elapsed = 00:01:31 . Memory (MB): peak = 1933.684 ; gain = 1128.734
---------------------------------------------------------------------------------
---------------------------------------------------------------------------------
Start Renaming Generated Nets
---------------------------------------------------------------------------------
---------------------------------------------------------------------------------
Finished Renaming Generated Nets : Time (s): cpu = 00:01:27 ; elapsed = 00:01:31 . Memory (MB): peak = 1933.684 ; gain = 1128.734
---------------------------------------------------------------------------------
---------------------------------------------------------------------------------
Start Writing Synthesis Report
---------------------------------------------------------------------------------

DSP Final Report (the ' indicates corresponding REG is set)
+-------------+----------------+--------+--------+--------+--------+--------+------+------+------+------+-------+------+------+
|Module Name  | DSP Mapping    | A Size | B Size | C Size | D Size | P Size | AREG | BREG | CREG | DREG | ADREG | MREG | PREG | 
+-------------+----------------+--------+--------+--------+--------+--------+------+------+------+------+-------+------+------+
|filter_coeff | A''*B'         | 30     | 14     | -      | -      | 0      | 2    | 1    | -    | -    | -     | 0    | 0    | 
|filter_coeff | PCIN+A''*B'    | 30     | 14     | -      | -      | 0      | 2    | 1    | -    | -    | -     | 0    | 0    | 
|filter_coeff | PCIN+A''*B'    | 30     | 18     | -      | -      | 0      | 2    | 1    | -    | -    | -     | 0    | 0    | 
|filter_coeff | A''*B          | 30     | 17     | -      | -      | 48     | 2    | 0    | -    | -    | -     | 0    | 0    | 
|filter_coeff | PCIN>>17+A''*B | 30     | 18     | -      | -      | 48     | 2    | 0    | -    | -    | -     | 0    | 0    | 
|filter_coeff | A'*B           | 30     | 15     | -      | -      | 48     | 1    | 0    | -    | -    | -     | 0    | 0    | 
|filter_coeff | PCIN>>17+A'*B  | 30     | 0      | -      | -      | 48     | 1    | 0    | -    | -    | -     | 0    | 0    | 
|filter_coeff | PCIN+A:B+C     | 30     | 18     | -      | -      | 33     | 0    | 0    | -    | -    | -     | 0    | 0    | 
|filter_coeff | A'*B           | 30     | 15     | -      | -      | 35     | 1    | 0    | -    | -    | -     | 0    | 0    | 
|filter_coeff | C+A''*B        | 30     | 15     | 48     | -      | 0      | 2    | 0    | 0    | -    | -     | 0    | 0    | 
|filter_coeff | PCIN+A''*B'    | 30     | 18     | -      | -      | 0      | 2    | 1    | -    | -    | -     | 0    | 0    | 
|filter_coeff | A''*B          | 30     | 17     | -      | -      | 48     | 2    | 0    | -    | -    | -     | 0    | 0    | 
|filter_coeff | PCIN>>17+A''*B | 30     | 18     | -      | -      | 48     | 2    | 0    | -    | -    | -     | 0    | 0    | 
|filter_coeff | A'*B           | 30     | 15     | -      | -      | 48     | 1    | 0    | -    | -    | -     | 0    | 0    | 
|filter_coeff | PCIN>>17+A'*B  | 30     | 0      | -      | -      | 48     | 1    | 0    | -    | -    | -     | 0    | 0    | 
|filter_coeff | PCIN+A:B+C     | 30     | 18     | -      | -      | 33     | 0    | 0    | -    | -    | -     | 0    | 0    | 
+-------------+----------------+--------+--------+--------+--------+--------+------+------+------+------+-------+------+------+


Report BlackBoxes: 
+------+--------------+----------+
|      |BlackBox name |Instances |
+------+--------------+----------+
|1     |clk_wiz_0     |         1|
+------+--------------+----------+

Report Cell Usage: 
+------+--------+------+
|      |Cell    |Count |
+------+--------+------+
|1     |clk_wiz |     1|
|2     |CARRY4  |    24|
|3     |DSP48E1 |    16|
|8     |LUT1    |    24|
|9     |LUT2    |    50|
|10    |LUT3    |    89|
|11    |LUT4    |    20|
|12    |LUT5    |    47|
|13    |LUT6    |    31|
|14    |FDCE    |   101|
|15    |FDPE    |     2|
|16    |FDRE    |   103|
|17    |FDSE    |    22|
|18    |IBUF    |     5|
|19    |OBUF    |    12|
+------+--------+------+
---------------------------------------------------------------------------------
Finished Writing Synthesis Report : Time (s): cpu = 00:01:27 ; elapsed = 00:01:31 . Memory (MB): peak = 1933.684 ; gain = 1128.734
---------------------------------------------------------------------------------
Synthesis finished with 0 errors, 0 critical warnings and 2 warnings.
Synthesis Optimization Runtime : Time (s): cpu = 00:01:06 ; elapsed = 00:01:27 . Memory (MB): peak = 1933.684 ; gain = 1032.578
Synthesis Optimization Complete : Time (s): cpu = 00:01:28 ; elapsed = 00:01:32 . Memory (MB): peak = 1933.684 ; gain = 1128.734
INFO: [Project 1-571] Translating synthesized netlist
INFO: [Project 1-454] Reading design checkpoint 'd:/Skripsi/ip/clk_wiz_0/clk_wiz_0.dcp' for cell 'clkdiv'
Netlist sorting complete. Time (s): cpu = 00:00:00 ; elapsed = 00:00:00.014 . Memory (MB): peak = 1942.852 ; gain = 0.000
INFO: [Netlist 29-17] Analyzing 41 Unisim elements for replacement
INFO: [Netlist 29-28] Unisim Transformation completed in 0 CPU seconds
INFO: [Project 1-479] Netlist was created with Vivado 2025.1
INFO: [Project 1-570] Preparing netlist for logic optimization
Parsing XDC File [d:/Skripsi/ip/clk_wiz_0/clk_wiz_0_board.xdc] for cell 'clkdiv/inst'
Finished Parsing XDC File [d:/Skripsi/ip/clk_wiz_0/clk_wiz_0_board.xdc] for cell 'clkdiv/inst'
Parsing XDC File [d:/Skripsi/ip/clk_wiz_0/clk_wiz_0.xdc] for cell 'clkdiv/inst'
INFO: [Timing 38-35] Done setting XDC timing constraints. [d:/Skripsi/ip/clk_wiz_0/clk_wiz_0.xdc:54]
INFO: [Timing 38-2] Deriving generated clocks [d:/Skripsi/ip/clk_wiz_0/clk_wiz_0.xdc:54]
get_clocks: Time (s): cpu = 00:00:15 ; elapsed = 00:00:16 . Memory (MB): peak = 2400.812 ; gain = 444.691
Finished Parsing XDC File [d:/Skripsi/ip/clk_wiz_0/clk_wiz_0.xdc] for cell 'clkdiv/inst'
Parsing XDC File [D:/Skripsi/xdc/filter_constraints.xdc]
Finished Parsing XDC File [D:/Skripsi/xdc/filter_constraints.xdc]
INFO: [Project 1-538] Using original IP XDC constraints instead of the XDC constraints in dcp 'd:/Skripsi/ip/clk_wiz_0/clk_wiz_0.dcp'
INFO: [Opt 31-138] Pushed 0 inverter(s) to 0 load pin(s).
Netlist sorting complete. Time (s): cpu = 00:00:00 ; elapsed = 00:00:00 . Memory (MB): peak = 2400.812 ; gain = 0.000
INFO: [Project 1-111] Unisim Transformation Summary:
No Unisim elements were transformed.

Synth Design complete | Checksum: 92574c9d
INFO: [Common 17-83] Releasing license: Synthesis
61 Infos, 17 Warnings, 0 Critical Warnings and 0 Errors encountered.
synth_design completed successfully
synth_design: Time (s): cpu = 00:01:51 ; elapsed = 00:02:00 . Memory (MB): peak = 2400.812 ; gain = 1784.707
# write_checkpoint -force $dir_build_non_project_mode/post_synth.dcp
INFO: [Timing 38-480] Writing timing data to binary archive.
Write ShapeDB Complete: Time (s): cpu = 00:00:00 ; elapsed = 00:00:00.005 . Memory (MB): peak = 2400.812 ; gain = 0.000
Wrote PlaceDB: Time (s): cpu = 00:00:00 ; elapsed = 00:00:00.003 . Memory (MB): peak = 2400.812 ; gain = 0.000
Wrote PulsedLatchDB: Time (s): cpu = 00:00:00 ; elapsed = 00:00:00 . Memory (MB): peak = 2400.812 ; gain = 0.000
Writing XDEF routing.
Writing XDEF routing logical nets.
Writing XDEF routing special nets.
Wrote RouteStorage: Time (s): cpu = 00:00:00 ; elapsed = 00:00:00.035 . Memory (MB): peak = 2400.812 ; gain = 0.000
Wrote Netlist Cache: Time (s): cpu = 00:00:00 ; elapsed = 00:00:00 . Memory (MB): peak = 2400.812 ; gain = 0.000
Wrote Device Cache: Time (s): cpu = 00:00:00 ; elapsed = 00:00:00.013 . Memory (MB): peak = 2400.812 ; gain = 0.000
Write Physdb Complete: Time (s): cpu = 00:00:00 ; elapsed = 00:00:00.064 . Memory (MB): peak = 2400.812 ; gain = 0.000
INFO: [Common 17-1381] The checkpoint 'D:/Skripsi/build-non-project-mode/post_synth.dcp' has been generated.
# report_timing_summary -file $path_report/timing_syn.rpt
INFO: [Timing 38-35] Done setting XDC timing constraints.
INFO: [Timing 38-91] UpdateTimingParams: Speed grade: -1, Delay Type: min_max.
INFO: [Timing 38-191] Multithreading enabled for timing update using a maximum of 2 CPUs
# opt_design
Command: opt_design
Attempting to get a license for feature 'Implementation' and/or device 'xc7a35t'
INFO: [Common 17-349] Got license for feature 'Implementation' and/or device 'xc7a35t'
Running DRC as a precondition to command opt_design

Starting DRC Task
INFO: [DRC 23-27] Running DRC with 2 threads
INFO: [Project 1-461] DRC finished with 0 Errors
INFO: [Project 1-462] Please refer to the DRC report (report_drc) for more information.

Time (s): cpu = 00:00:05 ; elapsed = 00:00:03 . Memory (MB): peak = 2400.812 ; gain = 0.000

Starting Cache Timing Information Task
Ending Cache Timing Information Task | Checksum: 1f5351481

Time (s): cpu = 00:00:00 ; elapsed = 00:00:00.003 . Memory (MB): peak = 2400.812 ; gain = 0.000

Starting Logic Optimization Task

Phase 1 Initialization

Phase 1.1 Core Generation And Design Setup
Phase 1.1 Core Generation And Design Setup | Checksum: 1f5351481

Time (s): cpu = 00:00:00 ; elapsed = 00:00:00.006 . Memory (MB): peak = 2503.293 ; gain = 0.000

Phase 1.2 Setup Constraints And Sort Netlist
Phase 1.2 Setup Constraints And Sort Netlist | Checksum: 1f5351481

Time (s): cpu = 00:00:00 ; elapsed = 00:00:00.010 . Memory (MB): peak = 2503.293 ; gain = 0.000
Phase 1 Initialization | Checksum: 1f5351481

Time (s): cpu = 00:00:00 ; elapsed = 00:00:00.011 . Memory (MB): peak = 2503.293 ; gain = 0.000

Phase 2 Timer Update And Timing Data Collection

Phase 2.1 Timer Update
Phase 2.1 Timer Update | Checksum: 1f5351481

Time (s): cpu = 00:00:00 ; elapsed = 00:00:00.186 . Memory (MB): peak = 2503.293 ; gain = 0.000

Phase 2.2 Timing Data Collection
Phase 2.2 Timing Data Collection | Checksum: 1f5351481

Time (s): cpu = 00:00:00 ; elapsed = 00:00:00.200 . Memory (MB): peak = 2503.293 ; gain = 0.000
Phase 2 Timer Update And Timing Data Collection | Checksum: 1f5351481

Time (s): cpu = 00:00:00 ; elapsed = 00:00:00.202 . Memory (MB): peak = 2503.293 ; gain = 0.000

Phase 3 Retarget
INFO: [Opt 31-1851] Number of loadless carry chains removed were: 0
INFO: [Opt 31-1834] Total Chains To Be Transformed Were: 0 AND Number of Transformed insts Created are: 0
INFO: [Opt 31-138] Pushed 0 inverter(s) to 0 load pin(s).
INFO: [Opt 31-49] Retargeted 0 cell(s).
Phase 3 Retarget | Checksum: 1f5351481

Time (s): cpu = 00:00:00 ; elapsed = 00:00:00.253 . Memory (MB): peak = 2503.293 ; gain = 0.000
Retarget | Checksum: 1f5351481
INFO: [Opt 31-389] Phase Retarget created 0 cells and removed 0 cells
INFO: [Opt 31-1021] In phase Retarget, 1 netlist objects are constrained preventing optimization. Please run opt_design with -debug_log to get more detail. 

Phase 4 Constant propagation
INFO: [Opt 31-138] Pushed 0 inverter(s) to 0 load pin(s).
Phase 4 Constant propagation | Checksum: 1f5351481

Time (s): cpu = 00:00:00 ; elapsed = 00:00:00.281 . Memory (MB): peak = 2503.293 ; gain = 0.000
Constant propagation | Checksum: 1f5351481
INFO: [Opt 31-389] Phase Constant propagation created 0 cells and removed 0 cells

Phase 5 Sweep
INFO: [Constraints 18-11670] Building netlist checker database with flags, 0x8
Done building netlist checker database: Time (s): cpu = 00:00:00 ; elapsed = 00:00:00 . Memory (MB): peak = 2503.293 ; gain = 0.000
INFO: [Constraints 18-11670] Building netlist checker database with flags, 0x8
Done building netlist checker database: Time (s): cpu = 00:00:00 ; elapsed = 00:00:00.001 . Memory (MB): peak = 2503.293 ; gain = 0.000
Phase 5 Sweep | Checksum: 1a0754f2a

Time (s): cpu = 00:00:00 ; elapsed = 00:00:00.331 . Memory (MB): peak = 2503.293 ; gain = 0.000
Sweep | Checksum: 1a0754f2a
INFO: [Opt 31-389] Phase Sweep created 0 cells and removed 0 cells

Phase 6 BUFG optimization
Phase 6 BUFG optimization | Checksum: 1a0754f2a

Time (s): cpu = 00:00:00 ; elapsed = 00:00:00.369 . Memory (MB): peak = 2503.293 ; gain = 0.000
BUFG optimization | Checksum: 1a0754f2a
INFO: [Opt 31-662] Phase BUFG optimization created 0 cells of which 0 are BUFGs and removed 0 cells.

Phase 7 Shift Register Optimization
INFO: [Opt 31-1064] SRL Remap converted 0 SRLs to 0 registers and converted 0 registers of register chains to 0 SRLs
Phase 7 Shift Register Optimization | Checksum: 1a0754f2a

Time (s): cpu = 00:00:00 ; elapsed = 00:00:00.375 . Memory (MB): peak = 2503.293 ; gain = 0.000
Shift Register Optimization | Checksum: 1a0754f2a
INFO: [Opt 31-389] Phase Shift Register Optimization created 0 cells and removed 0 cells

Phase 8 Post Processing Netlist
Phase 8 Post Processing Netlist | Checksum: 1a0754f2a

Time (s): cpu = 00:00:00 ; elapsed = 00:00:00.383 . Memory (MB): peak = 2503.293 ; gain = 0.000
Post Processing Netlist | Checksum: 1a0754f2a
INFO: [Opt 31-389] Phase Post Processing Netlist created 0 cells and removed 0 cells

Phase 9 Finalization

Phase 9.1 Finalizing Design Cores and Updating Shapes
Phase 9.1 Finalizing Design Cores and Updating Shapes | Checksum: 245c6f2b9

Time (s): cpu = 00:00:00 ; elapsed = 00:00:00.422 . Memory (MB): peak = 2503.293 ; gain = 0.000

Phase 9.2 Verifying Netlist Connectivity

Starting Connectivity Check Task

Time (s): cpu = 00:00:00 ; elapsed = 00:00:00.023 . Memory (MB): peak = 2503.293 ; gain = 0.000
Phase 9.2 Verifying Netlist Connectivity | Checksum: 245c6f2b9

Time (s): cpu = 00:00:00 ; elapsed = 00:00:00.447 . Memory (MB): peak = 2503.293 ; gain = 0.000
Phase 9 Finalization | Checksum: 245c6f2b9

Time (s): cpu = 00:00:00 ; elapsed = 00:00:00.448 . Memory (MB): peak = 2503.293 ; gain = 0.000
Opt_design Change Summary
=========================


-------------------------------------------------------------------------------------------------------------------------
|  Phase                        |  #Cells created  |  #Cells Removed  |  #Constrained objects preventing optimizations  |
-------------------------------------------------------------------------------------------------------------------------
|  Retarget                     |               0  |               0  |                                              1  |
|  Constant propagation         |               0  |               0  |                                              0  |
|  Sweep                        |               0  |               0  |                                              0  |
|  BUFG optimization            |               0  |               0  |                                              0  |
|  Shift Register Optimization  |               0  |               0  |                                              0  |
|  Post Processing Netlist      |               0  |               0  |                                              0  |
-------------------------------------------------------------------------------------------------------------------------


Ending Logic Optimization Task | Checksum: 245c6f2b9

Time (s): cpu = 00:00:00 ; elapsed = 00:00:00.453 . Memory (MB): peak = 2503.293 ; gain = 0.000

Starting Power Optimization Task
INFO: [Pwropt 34-132] Skipping clock gating for clocks with a period < 2.00 ns.
Ending Power Optimization Task | Checksum: 245c6f2b9

Time (s): cpu = 00:00:00 ; elapsed = 00:00:00.024 . Memory (MB): peak = 2503.293 ; gain = 0.000

Starting Final Cleanup Task
Ending Final Cleanup Task | Checksum: 245c6f2b9

Time (s): cpu = 00:00:00 ; elapsed = 00:00:00.001 . Memory (MB): peak = 2503.293 ; gain = 0.000

Starting Netlist Obfuscation Task
Netlist sorting complete. Time (s): cpu = 00:00:00 ; elapsed = 00:00:00.001 . Memory (MB): peak = 2503.293 ; gain = 0.000
Ending Netlist Obfuscation Task | Checksum: 245c6f2b9

Time (s): cpu = 00:00:00 ; elapsed = 00:00:00.002 . Memory (MB): peak = 2503.293 ; gain = 0.000
INFO: [Common 17-83] Releasing license: Implementation
21 Infos, 0 Warnings, 0 Critical Warnings and 0 Errors encountered.
opt_design completed successfully
opt_design: Time (s): cpu = 00:00:15 ; elapsed = 00:00:13 . Memory (MB): peak = 2503.293 ; gain = 102.480
# place_design
Command: place_design
Attempting to get a license for feature 'Implementation' and/or device 'xc7a35t'
INFO: [Common 17-349] Got license for feature 'Implementation' and/or device 'xc7a35t'
INFO: [Common 17-83] Releasing license: Implementation
INFO: [DRC 23-27] Running DRC with 2 threads
INFO: [Vivado_Tcl 4-198] DRC finished with 0 Errors
INFO: [Vivado_Tcl 4-199] Please refer to the DRC report (report_drc) for more information.
Running DRC as a precondition to command place_design
INFO: [DRC 23-27] Running DRC with 2 threads
INFO: [Vivado_Tcl 4-198] DRC finished with 0 Errors
INFO: [Vivado_Tcl 4-199] Please refer to the DRC report (report_drc) for more information.
INFO: [Place 30-611] Multithreading enabled for place_design using a maximum of 2 CPUs

Starting Placer Task

Phase 1 Placer Initialization

Phase 1.1 Placer Initialization Netlist Sorting
Netlist sorting complete. Time (s): cpu = 00:00:00 ; elapsed = 00:00:00.001 . Memory (MB): peak = 2503.293 ; gain = 0.000
Phase 1.1 Placer Initialization Netlist Sorting | Checksum: 2374b7f1f

Time (s): cpu = 00:00:00 ; elapsed = 00:00:00.005 . Memory (MB): peak = 2503.293 ; gain = 0.000
Netlist sorting complete. Time (s): cpu = 00:00:00 ; elapsed = 00:00:00.002 . Memory (MB): peak = 2503.293 ; gain = 0.000

Phase 1.2 IO Placement/ Clock Placement/ Build Placer Device
INFO: [Timing 38-35] Done setting XDC timing constraints.
Phase 1.2 IO Placement/ Clock Placement/ Build Placer Device | Checksum: 234f9d24d

Time (s): cpu = 00:00:01 ; elapsed = 00:00:00.773 . Memory (MB): peak = 2503.293 ; gain = 0.000

Phase 1.3 Build Placer Netlist Model
Phase 1.3 Build Placer Netlist Model | Checksum: 32046b8eb

Time (s): cpu = 00:00:02 ; elapsed = 00:00:02 . Memory (MB): peak = 2503.293 ; gain = 0.000

Phase 1.4 Constrain Clocks/Macros
Phase 1.4 Constrain Clocks/Macros | Checksum: 32046b8eb

Time (s): cpu = 00:00:02 ; elapsed = 00:00:02 . Memory (MB): peak = 2503.293 ; gain = 0.000
Phase 1 Placer Initialization | Checksum: 32046b8eb

Time (s): cpu = 00:00:02 ; elapsed = 00:00:02 . Memory (MB): peak = 2503.293 ; gain = 0.000

Phase 2 Global Placement

Phase 2.1 Floorplanning
Phase 2.1 Floorplanning | Checksum: 2b2c3094e

Time (s): cpu = 00:00:02 ; elapsed = 00:00:02 . Memory (MB): peak = 2503.293 ; gain = 0.000

Phase 2.2 Update Timing before SLR Path Opt
Phase 2.2 Update Timing before SLR Path Opt | Checksum: 2d9008bb0

Time (s): cpu = 00:00:02 ; elapsed = 00:00:02 . Memory (MB): peak = 2503.293 ; gain = 0.000

Phase 2.3 Post-Processing in Floorplanning
Phase 2.3 Post-Processing in Floorplanning | Checksum: 31c4740db

Time (s): cpu = 00:00:02 ; elapsed = 00:00:02 . Memory (MB): peak = 2503.293 ; gain = 0.000

Phase 2.4 Global Place Phase1
Phase 2.4 Global Place Phase1 | Checksum: 206363799

Time (s): cpu = 00:00:05 ; elapsed = 00:00:03 . Memory (MB): peak = 2503.293 ; gain = 0.000

Phase 2.5 Global Place Phase2

Phase 2.5.1 UpdateTiming Before Physical Synthesis
Phase 2.5.1 UpdateTiming Before Physical Synthesis | Checksum: 2ac913006

Time (s): cpu = 00:00:05 ; elapsed = 00:00:04 . Memory (MB): peak = 2503.293 ; gain = 0.000

Phase 2.5.2 Physical Synthesis In Placer
INFO: [Physopt 32-1035] Found 0 LUTNM shape to break, 46 LUT instances to create LUTNM shape
INFO: [Physopt 32-1044] Break lutnm for timing: one critical 0, two critical 0, total 0, new lutff created 0
INFO: [Physopt 32-1138] End 1 Pass. Optimized 22 nets or LUTs. Breaked 0 LUT, combined 22 existing LUTs and moved 0 existing LUT
INFO: [Physopt 32-65] No nets found for high-fanout optimization.
INFO: [Physopt 32-232] Optimized 0 net. Created 0 new instance.
INFO: [Physopt 32-775] End 1 Pass. Optimized 0 net or cell. Created 0 new cell, deleted 0 existing cell and moved 0 existing cell
INFO: [Physopt 32-457] Pass 1. Identified 8 candidate cells for DSP register optimization.
INFO: [Physopt 32-665] Processed cell filter/stage1/mul_a1. 19 registers were pushed out.
INFO: [Physopt 32-665] Processed cell filter/stage1/mul_a1__0. 19 registers were pushed out.
INFO: [Physopt 32-665] Processed cell filter/stage1/mul_a2__0. 19 registers were pushed out.
INFO: [Physopt 32-665] Processed cell filter/stage1/mul_a2. 19 registers were pushed out.
INFO: [Physopt 32-665] Processed cell filter/stage2/mul_a2__0. 19 registers were pushed out.
INFO: [Physopt 32-665] Processed cell filter/stage2/mul_a2. 19 registers were pushed out.
INFO: [Physopt 32-665] Processed cell filter/stage2/mul_a1__0. 19 registers were pushed out.
INFO: [Physopt 32-665] Processed cell filter/stage2/mul_a1. 19 registers were pushed out.
INFO: [Physopt 32-457] Pass 2. Identified 2 candidate cells for DSP register optimization.
INFO: [Physopt 32-775] End 2 Pass. Optimized 8 nets or cells. Created 152 new cells, deleted 0 existing cell and moved 0 existing cell
Netlist sorting complete. Time (s): cpu = 00:00:01 ; elapsed = 00:00:00.027 . Memory (MB): peak = 2503.293 ; gain = 0.000
INFO: [Physopt 32-1123] No candidate cells found for Shift Register to Pipeline optimization
INFO: [Physopt 32-775] End 2 Pass. Optimized 0 net or cell. Created 0 new cell, deleted 0 existing cell and moved 0 existing cell
INFO: [Physopt 32-1401] No candidate cells found for Shift Register optimization.
INFO: [Physopt 32-677] No candidate cells for Shift Register optimization found in the design
INFO: [Physopt 32-775] End 1 Pass. Optimized 0 net or cell. Created 0 new cell, deleted 0 existing cell and moved 0 existing cell
INFO: [Physopt 32-526] No candidate cells for BRAM register optimization found in the design
INFO: [Physopt 32-775] End 1 Pass. Optimized 0 net or cell. Created 0 new cell, deleted 0 existing cell and moved 0 existing cell
INFO: [Physopt 32-846] No candidate cells for URAM register optimization found in the design
INFO: [Physopt 32-775] End 1 Pass. Optimized 0 net or cell. Created 0 new cell, deleted 0 existing cell and moved 0 existing cell
INFO: [Physopt 32-846] No candidate cells for URAM register optimization found in the design
INFO: [Physopt 32-775] End 1 Pass. Optimized 0 net or cell. Created 0 new cell, deleted 0 existing cell and moved 0 existing cell
INFO: [Physopt 32-949] No candidate nets found for dynamic/static region interface net replication
INFO: [Physopt 32-775] End 1 Pass. Optimized 0 net or cell. Created 0 new cell, deleted 0 existing cell and moved 0 existing cell
Netlist sorting complete. Time (s): cpu = 00:00:00 ; elapsed = 00:00:00 . Memory (MB): peak = 2503.293 ; gain = 0.000

Summary of Physical Synthesis Optimizations
============================================


-----------------------------------------------------------------------------------------------------------------------------------------------------------
|  Optimization                                     |  Added Cells  |  Removed Cells  |  Optimized Cells/Nets  |  Dont Touch  |  Iterations  |  Elapsed   |
-----------------------------------------------------------------------------------------------------------------------------------------------------------
|  LUT Combining                                    |            0  |             22  |                    22  |           0  |           1  |  00:00:00  |
|  Retime                                           |            0  |              0  |                     0  |           0  |           1  |  00:00:00  |
|  Very High Fanout                                 |            0  |              0  |                     0  |           0  |           1  |  00:00:00  |
|  DSP Register                                     |          152  |              0  |                     8  |           0  |           1  |  00:00:02  |
|  Shift Register to Pipeline                       |            0  |              0  |                     0  |           0  |           1  |  00:00:00  |
|  Shift Register                                   |            0  |              0  |                     0  |           0  |           1  |  00:00:00  |
|  BRAM Register                                    |            0  |              0  |                     0  |           0  |           1  |  00:00:00  |
|  URAM Register                                    |            0  |              0  |                     0  |           0  |           1  |  00:00:00  |
|  Dynamic/Static Region Interface Net Replication  |            0  |              0  |                     0  |           0  |           1  |  00:00:00  |
|  Total                                            |          152  |             22  |                    30  |           0  |           9  |  00:00:02  |
-----------------------------------------------------------------------------------------------------------------------------------------------------------


Phase 2.5.2 Physical Synthesis In Placer | Checksum: 22f51abb9

Time (s): cpu = 00:00:07 ; elapsed = 00:00:06 . Memory (MB): peak = 2503.293 ; gain = 0.000
Phase 2.5 Global Place Phase2 | Checksum: 17775d694

Time (s): cpu = 00:00:07 ; elapsed = 00:00:06 . Memory (MB): peak = 2503.293 ; gain = 0.000
Phase 2 Global Placement | Checksum: 17775d694

Time (s): cpu = 00:00:07 ; elapsed = 00:00:06 . Memory (MB): peak = 2503.293 ; gain = 0.000

Phase 3 Detail Placement

Phase 3.1 Commit Multi Column Macros
Phase 3.1 Commit Multi Column Macros | Checksum: 1bf9a3ae6

Time (s): cpu = 00:00:07 ; elapsed = 00:00:06 . Memory (MB): peak = 2503.293 ; gain = 0.000

Phase 3.2 Commit Most Macros & LUTRAMs
Phase 3.2 Commit Most Macros & LUTRAMs | Checksum: c96e9e0f

Time (s): cpu = 00:00:07 ; elapsed = 00:00:06 . Memory (MB): peak = 2503.293 ; gain = 0.000

Phase 3.3 Area Swap Optimization
Phase 3.3 Area Swap Optimization | Checksum: 15c530cb0

Time (s): cpu = 00:00:07 ; elapsed = 00:00:06 . Memory (MB): peak = 2503.293 ; gain = 0.000

Phase 3.4 Pipeline Register Optimization
Phase 3.4 Pipeline Register Optimization | Checksum: 15c52b4da

Time (s): cpu = 00:00:07 ; elapsed = 00:00:06 . Memory (MB): peak = 2503.293 ; gain = 0.000

Phase 3.5 Fast Optimization
Phase 3.5 Fast Optimization | Checksum: 110f5febc

Time (s): cpu = 00:00:08 ; elapsed = 00:00:07 . Memory (MB): peak = 2503.293 ; gain = 0.000

Phase 3.6 Small Shape Detail Placement
Phase 3.6 Small Shape Detail Placement | Checksum: 208686454

Time (s): cpu = 00:00:08 ; elapsed = 00:00:07 . Memory (MB): peak = 2503.293 ; gain = 0.000

Phase 3.7 Re-assign LUT pins
Phase 3.7 Re-assign LUT pins | Checksum: 2389ad81f

Time (s): cpu = 00:00:08 ; elapsed = 00:00:07 . Memory (MB): peak = 2503.293 ; gain = 0.000

Phase 3.8 Pipeline Register Optimization
Phase 3.8 Pipeline Register Optimization | Checksum: 1fd9109b0

Time (s): cpu = 00:00:08 ; elapsed = 00:00:07 . Memory (MB): peak = 2503.293 ; gain = 0.000
Phase 3 Detail Placement | Checksum: 1fd9109b0

Time (s): cpu = 00:00:08 ; elapsed = 00:00:07 . Memory (MB): peak = 2503.293 ; gain = 0.000

Phase 4 Post Placement Optimization and Clean-Up

Phase 4.1 Post Commit Optimization
INFO: [Timing 38-35] Done setting XDC timing constraints.

Phase 4.1.1 Post Placement Optimization
Post Placement Optimization Initialization | Checksum: 2e88f29d6

Phase 4.1.1.1 BUFG Insertion

Starting Physical Synthesis Task

Phase 1 Physical Synthesis Initialization
INFO: [Physopt 32-721] Multithreading enabled for phys_opt_design using a maximum of 2 CPUs
INFO: [Physopt 32-619] Estimated Timing Summary | WNS=0.304 | TNS=0.000 |
Phase 1 Physical Synthesis Initialization | Checksum: 198010b9d

Time (s): cpu = 00:00:00 ; elapsed = 00:00:00.098 . Memory (MB): peak = 2503.293 ; gain = 0.000
INFO: [Place 46-56] BUFG insertion identified 0 candidate nets. Inserted BUFG: 0, Replicated BUFG Driver: 0, Skipped due to Placement/Routing Conflicts: 0, Skipped due to Timing Degradation: 0, Skipped due to netlist editing failed: 0.
Ending Physical Synthesis Task | Checksum: 22efbc0ee

Time (s): cpu = 00:00:00 ; elapsed = 00:00:00.112 . Memory (MB): peak = 2503.293 ; gain = 0.000
Phase 4.1.1.1 BUFG Insertion | Checksum: 2e88f29d6

Time (s): cpu = 00:00:10 ; elapsed = 00:00:08 . Memory (MB): peak = 2503.293 ; gain = 0.000

Phase 4.1.1.2 Post Placement Timing Optimization
INFO: [Place 30-746] Post Placement Timing Summary WNS=0.508. For the most accurate timing information please run report_timing.
Phase 4.1.1.2 Post Placement Timing Optimization | Checksum: 1d5b78bf5

Time (s): cpu = 00:00:11 ; elapsed = 00:00:10 . Memory (MB): peak = 2503.293 ; gain = 0.000

Time (s): cpu = 00:00:11 ; elapsed = 00:00:10 . Memory (MB): peak = 2503.293 ; gain = 0.000
Phase 4.1 Post Commit Optimization | Checksum: 1d5b78bf5

Time (s): cpu = 00:00:11 ; elapsed = 00:00:10 . Memory (MB): peak = 2503.293 ; gain = 0.000

Phase 4.2 Post Placement Cleanup
Phase 4.2 Post Placement Cleanup | Checksum: 1d5b78bf5

Time (s): cpu = 00:00:11 ; elapsed = 00:00:10 . Memory (MB): peak = 2503.293 ; gain = 0.000

Phase 4.3 Placer Reporting

Phase 4.3.1 Print Estimated Congestion
INFO: [Place 30-612] Post-Placement Estimated Congestion 
 ____________________________________________________
|           | Global Congestion | Short Congestion  |
| Direction | Region Size       | Region Size       |
|___________|___________________|___________________|
|      North|                1x1|                1x1|
|___________|___________________|___________________|
|      South|                1x1|                1x1|
|___________|___________________|___________________|
|       East|                1x1|                1x1|
|___________|___________________|___________________|
|       West|                1x1|                1x1|
|___________|___________________|___________________|

Phase 4.3.1 Print Estimated Congestion | Checksum: 1d5b78bf5

Time (s): cpu = 00:00:11 ; elapsed = 00:00:10 . Memory (MB): peak = 2503.293 ; gain = 0.000
Phase 4.3 Placer Reporting | Checksum: 1d5b78bf5

Time (s): cpu = 00:00:11 ; elapsed = 00:00:10 . Memory (MB): peak = 2503.293 ; gain = 0.000

Phase 4.4 Final Placement Cleanup
Netlist sorting complete. Time (s): cpu = 00:00:00 ; elapsed = 00:00:00.001 . Memory (MB): peak = 2503.293 ; gain = 0.000

Time (s): cpu = 00:00:11 ; elapsed = 00:00:10 . Memory (MB): peak = 2503.293 ; gain = 0.000
Phase 4 Post Placement Optimization and Clean-Up | Checksum: 1910a17aa

Time (s): cpu = 00:00:11 ; elapsed = 00:00:10 . Memory (MB): peak = 2503.293 ; gain = 0.000
Ending Placer Task | Checksum: 111078fe8

Time (s): cpu = 00:00:11 ; elapsed = 00:00:10 . Memory (MB): peak = 2503.293 ; gain = 0.000
46 Infos, 0 Warnings, 0 Critical Warnings and 0 Errors encountered.
place_design completed successfully
place_design: Time (s): cpu = 00:00:20 ; elapsed = 00:00:15 . Memory (MB): peak = 2503.293 ; gain = 0.000
# write_checkpoint -force $dir_build_non_project_mode/post_place.dcp
INFO: [Timing 38-480] Writing timing data to binary archive.
Write ShapeDB Complete: Time (s): cpu = 00:00:00 ; elapsed = 00:00:00.006 . Memory (MB): peak = 2503.293 ; gain = 0.000
Wrote PlaceDB: Time (s): cpu = 00:00:00 ; elapsed = 00:00:00.124 . Memory (MB): peak = 2503.293 ; gain = 0.000
Wrote PulsedLatchDB: Time (s): cpu = 00:00:00 ; elapsed = 00:00:00 . Memory (MB): peak = 2503.293 ; gain = 0.000
Writing XDEF routing.
Writing XDEF routing logical nets.
Writing XDEF routing special nets.
Wrote RouteStorage: Time (s): cpu = 00:00:00 ; elapsed = 00:00:00.031 . Memory (MB): peak = 2503.293 ; gain = 0.000
Wrote Netlist Cache: Time (s): cpu = 00:00:00 ; elapsed = 00:00:00.003 . Memory (MB): peak = 2503.293 ; gain = 0.000
Wrote Device Cache: Time (s): cpu = 00:00:00 ; elapsed = 00:00:00.017 . Memory (MB): peak = 2503.293 ; gain = 0.000
Write Physdb Complete: Time (s): cpu = 00:00:00 ; elapsed = 00:00:00.187 . Memory (MB): peak = 2503.293 ; gain = 0.000
INFO: [Common 17-1381] The checkpoint 'D:/Skripsi/build-non-project-mode/post_place.dcp' has been generated.
# report_timing -file $path_report/timing_place.rpt
INFO: [Timing 38-91] UpdateTimingParams: Speed grade: -1, Delay Type: max.
INFO: [Timing 38-191] Multithreading enabled for timing update using a maximum of 2 CPUs
INFO: [Timing 38-78] ReportTimingParams: -max_paths 1 -nworst 1 -delay_type max -sort_by slack.
# phys_opt_design
Command: phys_opt_design
Attempting to get a license for feature 'Implementation' and/or device 'xc7a35t'
INFO: [Common 17-349] Got license for feature 'Implementation' and/or device 'xc7a35t'
INFO: [Vivado_Tcl 4-2279] Estimated Timing Summary | WNS= 0.508 | TNS= 0.000 | 
INFO: [Vivado_Tcl 4-383] Design worst setup slack (WNS) is greater than or equal to 0.000 ns. All physical synthesis setup optimizations will be skipped.
INFO: [Vivado_Tcl 4-232] No setup violation found. The netlist was not modified.
INFO: [Common 17-83] Releasing license: Implementation
5 Infos, 0 Warnings, 0 Critical Warnings and 0 Errors encountered.
phys_opt_design completed successfully
# route_design
Command: route_design
Attempting to get a license for feature 'Implementation' and/or device 'xc7a35t'
INFO: [Common 17-349] Got license for feature 'Implementation' and/or device 'xc7a35t'


Starting Routing Task
INFO: [Route 35-254] Multithreading enabled for route_design using a maximum of 2 CPUs

Phase 1 Build RT Design
Checksum: PlaceDB: 26621f0f ConstDB: 0 ShapeSum: 4a241482 RouteDB: a0815c57
Post Restoration Checksum: NetGraph: 31700bb | NumContArr: a1894c19 | Constraints: c2a8fa9d | Timing: c2a8fa9d
Phase 1 Build RT Design | Checksum: 229f2420e

Time (s): cpu = 00:00:56 ; elapsed = 00:00:54 . Memory (MB): peak = 2503.293 ; gain = 0.000

Phase 2 Router Initialization

Phase 2.1 Fix Topology Constraints
Phase 2.1 Fix Topology Constraints | Checksum: 229f2420e

Time (s): cpu = 00:00:56 ; elapsed = 00:00:54 . Memory (MB): peak = 2503.293 ; gain = 0.000

Phase 2.2 Pre Route Cleanup
Phase 2.2 Pre Route Cleanup | Checksum: 229f2420e

Time (s): cpu = 00:00:56 ; elapsed = 00:00:54 . Memory (MB): peak = 2503.293 ; gain = 0.000
 Number of Nodes with overlaps = 0

Phase 2.3 Update Timing
Phase 2.3 Update Timing | Checksum: 365d67720

Time (s): cpu = 00:00:58 ; elapsed = 00:00:55 . Memory (MB): peak = 2513.664 ; gain = 10.371
INFO: [Route 35-416] Intermediate Timing Summary | WNS=0.478  | TNS=0.000  | WHS=-0.143 | THS=-12.063|


Phase 2.4 Soft Constraint Pins - Fast Budgeting
Phase 2.4 Soft Constraint Pins - Fast Budgeting | Checksum: 2b3b3d711

Time (s): cpu = 00:00:59 ; elapsed = 00:00:56 . Memory (MB): peak = 2537.723 ; gain = 34.430

Router Utilization Summary
  Global Vertical Routing Utilization    = 0 %
  Global Horizontal Routing Utilization  = 0 %
  Routable Net Status*
  *Does not include unroutable nets such as driverless and loadless.
  Run report_route_status for detailed report.
  Number of Failed Nets               = 1194
    (Failed Nets is the sum of unrouted and partially routed nets)
  Number of Unrouted Nets             = 1194
  Number of Partially Routed Nets     = 0
  Number of Node Overlaps             = 0

Phase 2 Router Initialization | Checksum: 2b3b3d711

Time (s): cpu = 00:00:59 ; elapsed = 00:00:56 . Memory (MB): peak = 2537.723 ; gain = 34.430

Phase 3 Global Routing
Phase 3 Global Routing | Checksum: 2b3b3d711

Time (s): cpu = 00:00:59 ; elapsed = 00:00:56 . Memory (MB): peak = 2537.723 ; gain = 34.430

Phase 4 Initial Routing

Phase 4.1 Initial Net Routing Pass
Phase 4.1 Initial Net Routing Pass | Checksum: 11352e241

Time (s): cpu = 00:01:00 ; elapsed = 00:00:56 . Memory (MB): peak = 2537.723 ; gain = 34.430
Phase 4 Initial Routing | Checksum: 11352e241

Time (s): cpu = 00:01:00 ; elapsed = 00:00:56 . Memory (MB): peak = 2537.723 ; gain = 34.430

Phase 5 Rip-up And Reroute

Phase 5.1 Global Iteration 0
 Number of Nodes with overlaps = 23
 Number of Nodes with overlaps = 0
INFO: [Route 35-416] Intermediate Timing Summary | WNS=0.235  | TNS=0.000  | WHS=N/A    | THS=N/A    |

Phase 5.1 Global Iteration 0 | Checksum: 20c880836

Time (s): cpu = 00:01:01 ; elapsed = 00:00:57 . Memory (MB): peak = 2537.723 ; gain = 34.430

Phase 5.2 Global Iteration 1
 Number of Nodes with overlaps = 1
 Number of Nodes with overlaps = 0
INFO: [Route 35-416] Intermediate Timing Summary | WNS=0.235  | TNS=0.000  | WHS=N/A    | THS=N/A    |

Phase 5.2 Global Iteration 1 | Checksum: 2f12007e0

Time (s): cpu = 00:01:01 ; elapsed = 00:00:57 . Memory (MB): peak = 2537.723 ; gain = 34.430
Phase 5 Rip-up And Reroute | Checksum: 2f12007e0

Time (s): cpu = 00:01:01 ; elapsed = 00:00:57 . Memory (MB): peak = 2537.723 ; gain = 34.430

Phase 6 Delay and Skew Optimization

Phase 6.1 Delay CleanUp
Phase 6.1 Delay CleanUp | Checksum: 2f12007e0

Time (s): cpu = 00:01:01 ; elapsed = 00:00:57 . Memory (MB): peak = 2537.723 ; gain = 34.430

Phase 6.2 Clock Skew Optimization
Phase 6.2 Clock Skew Optimization | Checksum: 2f12007e0

Time (s): cpu = 00:01:01 ; elapsed = 00:00:57 . Memory (MB): peak = 2537.723 ; gain = 34.430
Phase 6 Delay and Skew Optimization | Checksum: 2f12007e0

Time (s): cpu = 00:01:01 ; elapsed = 00:00:57 . Memory (MB): peak = 2537.723 ; gain = 34.430

Phase 7 Post Hold Fix

Phase 7.1 Hold Fix Iter
INFO: [Route 35-416] Intermediate Timing Summary | WNS=0.328  | TNS=0.000  | WHS=0.156  | THS=0.000  |

Phase 7.1 Hold Fix Iter | Checksum: 2cdf6a634

Time (s): cpu = 00:01:01 ; elapsed = 00:00:57 . Memory (MB): peak = 2537.723 ; gain = 34.430
Phase 7 Post Hold Fix | Checksum: 2cdf6a634

Time (s): cpu = 00:01:01 ; elapsed = 00:00:57 . Memory (MB): peak = 2537.723 ; gain = 34.430

Phase 8 Route finalize

Router Utilization Summary
  Global Vertical Routing Utilization    = 0.300885 %
  Global Horizontal Routing Utilization  = 0.312988 %
  Routable Net Status*
  *Does not include unroutable nets such as driverless and loadless.
  Run report_route_status for detailed report.
  Number of Failed Nets               = 0
    (Failed Nets is the sum of unrouted and partially routed nets)
  Number of Unrouted Nets             = 0
  Number of Partially Routed Nets     = 0
  Number of Node Overlaps             = 0

Phase 8 Route finalize | Checksum: 2cdf6a634

Time (s): cpu = 00:01:01 ; elapsed = 00:00:57 . Memory (MB): peak = 2537.723 ; gain = 34.430

Phase 9 Verifying routed nets

 Verification completed successfully
Phase 9 Verifying routed nets | Checksum: 2cdf6a634

Time (s): cpu = 00:01:01 ; elapsed = 00:00:57 . Memory (MB): peak = 2537.723 ; gain = 34.430

Phase 10 Depositing Routes
Phase 10 Depositing Routes | Checksum: 2abe3dc9d

Time (s): cpu = 00:01:01 ; elapsed = 00:00:57 . Memory (MB): peak = 2537.723 ; gain = 34.430

Phase 11 Post Process Routing
Phase 11 Post Process Routing | Checksum: 2abe3dc9d

Time (s): cpu = 00:01:01 ; elapsed = 00:00:57 . Memory (MB): peak = 2537.723 ; gain = 34.430

Phase 12 Post Router Timing
INFO: [Route 35-57] Estimated Timing Summary | WNS=0.328  | TNS=0.000  | WHS=0.156  | THS=0.000  |

INFO: [Route 35-327] The final timing numbers are based on the router estimated timing analysis. For a complete and accurate timing signoff, please run report_timing_summary.
Phase 12 Post Router Timing | Checksum: 2abe3dc9d

Time (s): cpu = 00:01:01 ; elapsed = 00:00:57 . Memory (MB): peak = 2537.723 ; gain = 34.430
Total Elapsed time in route_design: 57.199 secs

Phase 13 Post-Route Event Processing
Phase 13 Post-Route Event Processing | Checksum: e958013b

Time (s): cpu = 00:01:01 ; elapsed = 00:00:57 . Memory (MB): peak = 2537.723 ; gain = 34.430
INFO: [Route 35-16] Router Completed Successfully
Ending Routing Task | Checksum: e958013b

Time (s): cpu = 00:01:01 ; elapsed = 00:00:57 . Memory (MB): peak = 2537.723 ; gain = 34.430

Routing Is Done.
INFO: [Common 17-83] Releasing license: Implementation
10 Infos, 0 Warnings, 0 Critical Warnings and 0 Errors encountered.
route_design completed successfully
route_design: Time (s): cpu = 00:01:01 ; elapsed = 00:00:57 . Memory (MB): peak = 2537.723 ; gain = 34.430
# write_checkpoint -force $dir_build_non_project_mode/post_route.dcp
INFO: [Timing 38-480] Writing timing data to binary archive.
Write ShapeDB Complete: Time (s): cpu = 00:00:00 ; elapsed = 00:00:00.005 . Memory (MB): peak = 2537.723 ; gain = 0.000
Wrote PlaceDB: Time (s): cpu = 00:00:00 ; elapsed = 00:00:00.109 . Memory (MB): peak = 2537.723 ; gain = 0.000
Wrote PulsedLatchDB: Time (s): cpu = 00:00:00 ; elapsed = 00:00:00 . Memory (MB): peak = 2537.723 ; gain = 0.000
Writing XDEF routing.
Writing XDEF routing logical nets.
Writing XDEF routing special nets.
Wrote RouteStorage: Time (s): cpu = 00:00:00 ; elapsed = 00:00:00.057 . Memory (MB): peak = 2537.723 ; gain = 0.000
Wrote Netlist Cache: Time (s): cpu = 00:00:00 ; elapsed = 00:00:00.003 . Memory (MB): peak = 2537.723 ; gain = 0.000
Wrote Device Cache: Time (s): cpu = 00:00:00 ; elapsed = 00:00:00.010 . Memory (MB): peak = 2537.723 ; gain = 0.000
Write Physdb Complete: Time (s): cpu = 00:00:00 ; elapsed = 00:00:00.190 . Memory (MB): peak = 2537.723 ; gain = 0.000
INFO: [Common 17-1381] The checkpoint 'D:/Skripsi/build-non-project-mode/post_route.dcp' has been generated.
# report_timing_summary -file $path_report/timing_summary
INFO: [Timing 38-91] UpdateTimingParams: Speed grade: -1, Delay Type: min_max.
INFO: [Timing 38-191] Multithreading enabled for timing update using a maximum of 2 CPUs
# report_utilization -file "$path_report/utilization_impl.rpt"
# report_power -file "$path_report/power_impl.rpt"
Command: report_power -file D:/Skripsi/build-non-project-mode/report/power_impl.rpt
Running Vector-less Activity Propagation...

Finished Running Vector-less Activity Propagation
0 Infos, 0 Warnings, 0 Critical Warnings and 0 Errors encountered.
report_power completed successfully
# report_clock_utilization -file "$path_report/clock_utilization.rpt"
# write_bitstream -force $path_bitstream/$filename_bitstream
Command: write_bitstream -force D:/Skripsi/build-non-project-mode/bitstream/basys3_skripsi_final.bit
Attempting to get a license for feature 'Implementation' and/or device 'xc7a35t'
INFO: [Common 17-349] Got license for feature 'Implementation' and/or device 'xc7a35t'
Running DRC as a precondition to command write_bitstream
INFO: [IP_Flow 19-1839] IP Catalog is up to date.
INFO: [DRC 23-27] Running DRC with 2 threads
INFO: [Vivado 12-3199] DRC finished with 0 Errors
INFO: [Vivado 12-3200] Please refer to the DRC report (report_drc) for more information.
INFO: [Designutils 20-2272] Running write_bitstream with 2 threads.
Loading data files...
Loading site data...
Loading route data...
Processing options...
Creating bitmap...
Creating bitstream...
Bitstream compression saved 13705376 bits.
Writing bitstream D:/Skripsi/build-non-project-mode/bitstream/basys3_skripsi_final.bit...
INFO: [Vivado 12-1842] Bitgen Completed Successfully.
INFO: [Project 1-1876] WebTalk data collection is mandatory when using a ULT device. To see the specific WebTalk data collected for your design, open the usage_statistics_webtalk.html or usage_statistics_webtalk.xml file in the implementation directory.
INFO: [Common 17-83] Releasing license: Implementation
9 Infos, 0 Warnings, 0 Critical Warnings and 0 Errors encountered.
write_bitstream completed successfully
write_bitstream: Time (s): cpu = 00:00:29 ; elapsed = 00:00:23 . Memory (MB): peak = 2761.418 ; gain = 223.695
INFO: [Common 17-206] Exiting Vivado at Mon May 25 11:03:39 2026...
