#-----------------------------------------------------------
# Vivado v2025.1 (64-bit)
# SW Build 6140274 on Thu May 22 00:12:29 MDT 2025
# IP Build 6138677 on Thu May 22 03:10:11 MDT 2025
# SharedData Build 6139179 on Tue May 20 17:58:58 MDT 2025
# Start of session at: Mon May 25 10:59:24 2026
# Process ID         : 14528
# Current directory  : D:/Skripsi
# Command line       : vivado.exe -mode batch -source tcl/non-project-mode/build.tcl -log log/vivado.log -journal log/vivado.jou
# Log file           : D:/Skripsi/log/vivado.log
# Journal file       : D:/Skripsi\log/vivado.jou
# Running On         : LAPTOP-E258V4EU
# Platform           : Windows Server 2016 or Windows 10
# Operating System   : 26200
# Processor Detail   : 11th Gen Intel(R) Core(TM) i7-11800H @ 2.30GHz
# CPU Frequency      : 2304 MHz
# CPU Physical cores : 8
# CPU Logical cores  : 16
# Host memory        : 34128 MB
# Swap memory        : 2147 MB
# Total Virtual      : 36275 MB
# Available Virtual  : 4646 MB
#-----------------------------------------------------------
source tcl/non-project-mode/build.tcl
